<html>
<body>
<pre>
<h1>礦ision Build Log</h1>
<h2>Tool Versions:</h2>
IDE-Version: μVision V5.24.2.0
Copyright (C) 2017 ARM Ltd and ARM Germany GmbH. All rights reserved.
License Information: 1 3207567048@qq.com, 1, LIC=03C6R-KESJS-TG17T-RTVMU-G49U3-NYSM5
 
Tool Versions:
Toolchain:       MDK-ARM Plus  Version: 5.24.1
Toolchain Path:  D:\Keil5\ARM\ARMCC\Bin
C Compiler:      Armcc.exe V5.06 update 5 (build 528)
Assembler:       Armasm.exe V5.06 update 5 (build 528)
Linker/Locator:  ArmLink.exe V5.06 update 5 (build 528)
Library Manager: ArmAr.exe V5.06 update 5 (build 528)
Hex Converter:   FromElf.exe V5.06 update 5 (build 528)
CPU DLL:         SARMCM3.DLL V5.24.1
Dialog DLL:      DARMSTM.DLL V1.68.0.0
Target DLL:      STLink\ST-LINKIII-KEIL_SWO.dll V3.0.1.0
Dialog DLL:      TARMSTM.DLL V1.66.0.0
 
<h2>Project:</h2>
D:\32单片机\项目智能家居\最终单片机代码freertos\stm32f103.uvprojx
Project File Date:  08/18/2026

<h2>Output:</h2>
*** Using Compiler 'V5.06 update 5 (build 528)', folder: 'D:\Keil5\ARM\ARMCC\Bin'
Rebuild target 'STM32F103'
compiling system_stm32f10x.c...
assembling startup_stm32f10x_md.s...
compiling stm32f10x_it.c...
compiling misc.c...
compiling core_cm3.c...
compiling stm32f10x_usart.c...
compiling stm32f10x_exti.c...
compiling dht11.c...
hardware\src\dht11.c(25): warning:  #188-D: enumerated type mixed with another type
  	
HT11_DQ_OUT(0); 	//拉低DQ
hardware\src\dht11.c(27): warning:  #188-D: enumerated type mixed with another type
  	
HT11_DQ_OUT(1); 	//DQ=1 
hardware\src\dht11.c(128): warning:  #1-D: last line of file ends without a newline
  } 
hardware\src\dht11.c: 3 warnings, 0 errors
compiling led.c...
compiling delay.c...
.\hardware\inc\delay.h(30): warning:  #1-D: last line of file ends without a newline
  #endif /* _DELAY_H_ */
hardware\src\delay.c: 1 warning, 0 errors
compiling stm32f10x_gpio.c...
compiling key.c...
hardware\src\key.c(78): warning:  #1-D: last line of file ends without a newline
  }
hardware\src\key.c: 1 warning, 0 errors
compiling stm32f10x_rcc.c...
compiling main.c...
.\OLED\oled.h(65): warning:  #1295-D: Deprecated declaration Picture - give arg types
  void Picture();
.\OLED\oled.h(66): warning:  #1295-D: Deprecated declaration IIC_Start - give arg types
  void IIC_Start();
.\OLED\oled.h(67): warning:  #1295-D: Deprecated declaration IIC_Stop - give arg types
  void IIC_Stop();
.\OLED\oled.h(72): warning:  #1295-D: Deprecated declaration IIC_Wait_Ack - give arg types
  void IIC_Wait_Ack();
user\main.c(239): warning:  #1-D: last line of file ends without a newline
  }
user\main.c: 5 warnings, 0 errors
compiling usart.c...
.\hardware\inc\delay.h(30): warning:  #1-D: last line of file ends without a newline
  #endif /* _DELAY_H_ */
hardware\src\usart.c: 1 warning, 0 errors
compiling base64.c...
compiling MqttKit.c...
compiling hmac_sha1.c...
compiling onenet.c...
.\hardware\inc\delay.h(30): warning:  #1-D: last line of file ends without a newline
  #endif /* _DELAY_H_ */
NET\onenet\src\onenet.c(543): warning:  #177-D: variable "data_ptr"  was declared but never referenced
  				char *data_ptr = NULL;
NET\onenet\src\onenet.c(529): warning:  #177-D: variable "dataPtr"  was declared but never referenced
  	char *dataPtr = NULL;
NET\onenet\src\onenet.c(530): warning:  #177-D: variable "numBuf"  was declared but never referenced
  	char numBuf[10];
NET\onenet\src\onenet.c(531): warning:  #177-D: variable "num"  was declared but never referenced
  	int num = 0;
NET\onenet\src\onenet.c: 5 warnings, 0 errors
compiling cJSON.c...
NET\CJSON\cJSON.c(55): warning:  #1293-D: assignment in condition
        if (!(copy = (char*)cJSON_malloc(len))) return 0;
NET\CJSON\cJSON.c(278): warning:  #1293-D: assignment in condition
  	ptr=str;while ((token=*ptr) && ++len) {if (strchr("\"\\\b\f\n\r\t",token)) len++; else if (token<32) len+=5;ptr++;}
NET\CJSON\cJSON.c(352): warning:  #111-D: statement is unreachable
  	return p.buffer;
NET\CJSON\cJSON.c(423): warning:  #1293-D: assignment in condition
  		if (!(new_item=cJSON_New_Item())) return 0; 	/* memory fail */
NET\CJSON\cJSON.c(535): warning:  #1293-D: assignment in condition
  		if (!(new_item=cJSON_New_Item()))	return 0; /* memory fail */
NET\CJSON\cJSON.c: 5 warnings, 0 errors
compiling croutine.c...
compiling list.c...
compiling event_groups.c...
compiling esp8266.c...
.\hardware\inc\delay.h(30): warning:  #1-D: last line of file ends without a newline
  #endif /* _DELAY_H_ */
NET\device\src\esp8266.c(219): warning:  #223-D: function "OLED_Clear" declared implicitly
  	OLED_Clear(); OLED_ShowString(0,0,"1.AT...",8);
NET\device\src\esp8266.c(219): warning:  #223-D: function "OLED_ShowString" declared implicitly
  	OLED_Clear(); OLED_ShowString(0,0,"1.AT...",8);
NET\device\src\esp8266.c: 3 warnings, 0 errors
compiling oled.c...
OLED\oled.h(65): warning:  #1295-D: Deprecated declaration Picture - give arg types
  void Picture();
OLED\oled.h(66): warning:  #1295-D: Deprecated declaration IIC_Start - give arg types
  void IIC_Start();
OLED\oled.h(67): warning:  #1295-D: Deprecated declaration IIC_Stop - give arg types
  void IIC_Stop();
OLED\oled.h(72): warning:  #1295-D: Deprecated declaration IIC_Wait_Ack - give arg types
  void IIC_Wait_Ack();
.\hardware\inc\delay.h(30): warning:  #1-D: last line of file ends without a newline
  #endif /* _DELAY_H_ */
OLED\oled.c: 5 warnings, 0 errors
compiling queue.c...
compiling stream_buffer.c...
compiling timers.c...
compiling tasks.c...
compiling heap_4.c...
compiling port.c...
linking...
Program Size: Code=55158 RO-data=3494 RW-data=824 ZI-data=16320  
FromELF: creating hex file...
".\output\stm32f103.axf" - 0 Error(s), 29 Warning(s).

<h2>Software Packages used:</h2>

Package Vendor: ARM
                http://www.keil.com/pack/ARM.CMSIS.5.0.1.pack
                ARM.CMSIS.5.0.1
                CMSIS (Cortex Microcontroller Software Interface Standard)
   * Component: CORE Version: 5.0.1

Package Vendor: Keil
                http://www.keil.com/pack/Keil.STM32F1xx_DFP.2.2.0.pack
                Keil.STM32F1xx_DFP.2.2.0
                STMicroelectronics STM32F1 Series Device Support, Drivers and Examples

<h2>Collection of Component include folders:</h2>
  .\RTE\_STM32F103
  D:\Keil5\ARM\PACK\ARM\CMSIS\5.0.1\CMSIS\Include
  D:\Keil5\ARM\PACK\Keil\STM32F1xx_DFP\2.2.0\Device\Include

<h2>Collection of Component Files used:</h2>

   * Component: ARM::CMSIS:CORE:5.0.1
Build Time Elapsed:  00:00:04
</pre>
</body>
</html>
