Component: ARM Compiler 5.06 update 5 (build 528) Tool: armlink [4d35e2]

==============================================================================

Section Cross References

    stm32f10x_it.o(.text) refers to usart.o(.text) for UsartPrintf
    system_stm32f10x.o(.text) refers to system_stm32f10x.o(.data) for SystemCoreClock
    startup_stm32f10x_md.o(STACK) refers (Special) to heapauxi.o(.text) for __use_two_region_memory
    startup_stm32f10x_md.o(HEAP) refers (Special) to heapauxi.o(.text) for __use_two_region_memory
    startup_stm32f10x_md.o(RESET) refers (Special) to heapauxi.o(.text) for __use_two_region_memory
    startup_stm32f10x_md.o(RESET) refers to startup_stm32f10x_md.o(STACK) for __initial_sp
    startup_stm32f10x_md.o(RESET) refers to startup_stm32f10x_md.o(.text) for Reset_Handler
    startup_stm32f10x_md.o(RESET) refers to stm32f10x_it.o(.text) for NMI_Handler
    startup_stm32f10x_md.o(RESET) refers to port.o(.emb_text) for SVC_Handler
    startup_stm32f10x_md.o(RESET) refers to port.o(.text) for SysTick_Handler
    startup_stm32f10x_md.o(RESET) refers to usart.o(.text) for USART1_IRQHandler
    startup_stm32f10x_md.o(RESET) refers to esp8266.o(.text) for USART2_IRQHandler
    startup_stm32f10x_md.o(.text) refers (Special) to heapauxi.o(.text) for __use_two_region_memory
    startup_stm32f10x_md.o(.text) refers to system_stm32f10x.o(.text) for SystemInit
    startup_stm32f10x_md.o(.text) refers to __main.o(!!!main) for __main
    startup_stm32f10x_md.o(.text) refers to startup_stm32f10x_md.o(HEAP) for Heap_Mem
    startup_stm32f10x_md.o(.text) refers to startup_stm32f10x_md.o(STACK) for Stack_Mem
    stm32f10x_gpio.o(.text) refers to stm32f10x_rcc.o(.text) for RCC_APB2PeriphResetCmd
    stm32f10x_rcc.o(.text) refers to stm32f10x_rcc.o(.data) for APBAHBPrescTable
    stm32f10x_usart.o(.text) refers to stm32f10x_rcc.o(.text) for RCC_APB2PeriphResetCmd
    usart.o(.text) refers to stm32f10x_rcc.o(.text) for RCC_APB2PeriphClockCmd
    usart.o(.text) refers to stm32f10x_gpio.o(.text) for GPIO_Init
    usart.o(.text) refers to stm32f10x_usart.o(.text) for USART_Init
    usart.o(.text) refers to misc.o(.text) for NVIC_Init
    usart.o(.text) refers to c89vsnprintf.o(.text) for __c89vsnprintf
    led.o(.text) refers to stm32f10x_gpio.o(.text) for GPIO_WriteBit
    led.o(.text) refers to stm32f10x_rcc.o(.text) for RCC_APB2PeriphClockCmd
    led.o(.text) refers to led.o(.data) for led_info
    key.o(.text) refers to stm32f10x_rcc.o(.text) for RCC_APB2PeriphClockCmd
    key.o(.text) refers to stm32f10x_gpio.o(.text) for GPIO_Init
    key.o(.text) refers to usart.o(.text) for UsartPrintf
    key.o(.text) refers to tasks.o(.text) for vTaskDelay
    key.o(.text) refers to led.o(.text) for Led_Set
    key.o(.text) refers to key.o(.data) for tick_cnt
    key.o(.text) refers to led.o(.data) for led_info
    dht11.o(.text) refers to stm32f10x_gpio.o(.text) for GPIO_WriteBit
    dht11.o(.text) refers to stm32f10x_rcc.o(.text) for RCC_APB2PeriphClockCmd
    main.o(.text) refers to _printf_pad.o(.text) for _printf_pre_padding
    main.o(.text) refers to _printf_percent.o(.ARM.Collect$$_printf_percent$$00000000) for _printf_percent
    main.o(.text) refers to _printf_d.o(.ARM.Collect$$_printf_percent$$00000009) for _printf_d
    main.o(.text) refers to _printf_dec.o(.text) for _printf_int_dec
    main.o(.text) refers to usart.o(.text) for Usart1_Init
    main.o(.text) refers to key.o(.text) for Key_Init
    main.o(.text) refers to led.o(.text) for Led_Init
    main.o(.text) refers to oled.o(.text) for OLED_Init
    main.o(.text) refers to dht11.o(.text) for DHT11_Init
    main.o(.text) refers to queue.o(.text) for xQueueSemaphoreTake
    main.o(.text) refers to tasks.o(.text) for xTaskGetTickCount
    main.o(.text) refers to esp8266.o(.text) for ESP8266_SendCmd
    main.o(.text) refers to onenet.o(.text) for OneNet_DevLink
    main.o(.text) refers to __2sprintf.o(.text) for __2sprintf
    main.o(.text) refers to main.o(.data) for xOledMutex
    main.o(.text) refers to led.o(.data) for led_info
    onenet.o(.text) refers to _printf_percent.o(.ARM.Collect$$_printf_percent$$00000000) for _printf_percent
    onenet.o(.text) refers to _printf_d.o(.ARM.Collect$$_printf_percent$$00000009) for _printf_d
    onenet.o(.text) refers to _printf_s.o(.ARM.Collect$$_printf_percent$$00000014) for _printf_s
    onenet.o(.text) refers to _printf_dec.o(.text) for _printf_int_dec
    onenet.o(.text) refers to _printf_str.o(.text) for _printf_str
    onenet.o(.text) refers to _scanf_int.o(.text) for _scanf_int
    onenet.o(.text) refers to _scanf_str.o(.text) for _scanf_string
    onenet.o(.text) refers to strlen.o(.text) for strlen
    onenet.o(.text) refers to strcat.o(.text) for strcat
    onenet.o(.text) refers to rt_memclr_w.o(.text) for __aeabi_memclr4
    onenet.o(.text) refers to base64.o(.text) for BASE64_Decode
    onenet.o(.text) refers to __2snprintf.o(.text) for __2snprintf
[...]
    ADC1_2_IRQHandler                        0x0800063f   Thumb Code     0  startup_stm32f10x_md.o(.text)
    CAN1_RX1_IRQHandler                      0x0800063f   Thumb Code     0  startup_stm32f10x_md.o(.text)
    CAN1_SCE_IRQHandler                      0x0800063f   Thumb Code     0  startup_stm32f10x_md.o(.text)
    DMA1_Channel1_IRQHandler                 0x0800063f   Thumb Code     0  startup_stm32f10x_md.o(.text)
    DMA1_Channel2_IRQHandler                 0x0800063f   Thumb Code     0  startup_stm32f10x_md.o(.text)
    DMA1_Channel3_IRQHandler                 0x0800063f   Thumb Code     0  startup_stm32f10x_md.o(.text)
    DMA1_Channel4_IRQHandler                 0x0800063f   Thumb Code     0  startup_stm32f10x_md.o(.text)
    DMA1_Channel5_IRQHandler                 0x0800063f   Thumb Code     0  startup_stm32f10x_md.o(.text)
    DMA1_Channel6_IRQHandler                 0x0800063f   Thumb Code     0  startup_stm32f10x_md.o(.text)
    DMA1_Channel7_IRQHandler                 0x0800063f   Thumb Code     0  startup_stm32f10x_md.o(.text)
    EXTI15_10_IRQHandler                     0x0800063f   Thumb Code     0  startup_stm32f10x_md.o(.text)
    EXTI1_IRQHandler                         0x0800063f   Thumb Code     0  startup_stm32f10x_md.o(.text)
    EXTI2_IRQHandler                         0x0800063f   Thumb Code     0  startup_stm32f10x_md.o(.text)
    EXTI3_IRQHandler                         0x0800063f   Thumb Code     0  startup_stm32f10x_md.o(.text)
    EXTI4_IRQHandler                         0x0800063f   Thumb Code     0  startup_stm32f10x_md.o(.text)
    EXTI9_5_IRQHandler                       0x0800063f   Thumb Code     0  startup_stm32f10x_md.o(.text)
    FLASH_IRQHandler                         0x0800063f   Thumb Code     0  startup_stm32f10x_md.o(.text)
    I2C1_ER_IRQHandler                       0x0800063f   Thumb Code     0  startup_stm32f10x_md.o(.text)
    I2C1_EV_IRQHandler                       0x0800063f   Thumb Code     0  startup_stm32f10x_md.o(.text)
    I2C2_ER_IRQHandler                       0x0800063f   Thumb Code     0  startup_stm32f10x_md.o(.text)
    I2C2_EV_IRQHandler                       0x0800063f   Thumb Code     0  startup_stm32f10x_md.o(.text)
    PVD_IRQHandler                           0x0800063f   Thumb Code     0  startup_stm32f10x_md.o(.text)
    RCC_IRQHandler                           0x0800063f   Thumb Code     0  startup_stm32f10x_md.o(.text)
    RTCAlarm_IRQHandler                      0x0800063f   Thumb Code     0  startup_stm32f10x_md.o(.text)
    SPI1_IRQHandler                          0x0800063f   Thumb Code     0  startup_stm32f10x_md.o(.text)
    SPI2_IRQHandler                          0x0800063f   Thumb Code     0  startup_stm32f10x_md.o(.text)
    TAMPER_IRQHandler                        0x0800063f   Thumb Code     0  startup_stm32f10x_md.o(.text)
    TIM1_BRK_IRQHandler                      0x0800063f   Thumb Code     0  startup_stm32f10x_md.o(.text)
    TIM1_CC_IRQHandler                       0x0800063f   Thumb Code     0  startup_stm32f10x_md.o(.text)
    TIM1_TRG_COM_IRQHandler                  0x0800063f   Thumb Code     0  startup_stm32f10x_md.o(.text)
    TIM1_UP_IRQHandler                       0x0800063f   Thumb Code     0  startup_stm32f10x_md.o(.text)
    TIM2_IRQHandler                          0x0800063f   Thumb Code     0  startup_stm32f10x_md.o(.text)
    TIM3_IRQHandler                          0x0800063f   Thumb Code     0  startup_stm32f10x_md.o(.text)
    TIM4_IRQHandler                          0x0800063f   Thumb Code     0  startup_stm32f10x_md.o(.text)
    USART3_IRQHandler                        0x0800063f   Thumb Code     0  startup_stm32f10x_md.o(.text)
    USBWakeUp_IRQHandler                     0x0800063f   Thumb Code     0  startup_stm32f10x_md.o(.text)
    USB_HP_CAN1_TX_IRQHandler                0x0800063f   Thumb Code     0  startup_stm32f10x_md.o(.text)
    USB_LP_CAN1_RX0_IRQHandler               0x0800063f   Thumb Code     0  startup_stm32f10x_md.o(.text)
    WWDG_IRQHandler                          0x0800063f   Thumb Code     0  startup_stm32f10x_md.o(.text)
    __user_initial_stackheap                 0x08000641   Thumb Code     0  startup_stm32f10x_md.o(.text)
    NVIC_PriorityGroupConfig                 0x08000665   Thumb Code    10  misc.o(.text)
    NVIC_Init                                0x0800066f   Thumb Code   100  misc.o(.text)
    NVIC_SetVectorTable                      0x080006d3   Thumb Code    14  misc.o(.text)
    NVIC_SystemLPConfig                      0x080006e1   Thumb Code    34  misc.o(.text)
    SysTick_CLKSourceConfig                  0x08000703   Thumb Code    40  misc.o(.text)
    GPIO_DeInit                              0x08000741   Thumb Code   172  stm32f10x_gpio.o(.text)
    GPIO_AFIODeInit                          0x080007ed   Thumb Code    20  stm32f10x_gpio.o(.text)
    GPIO_Init                                0x08000801   Thumb Code   278  stm32f10x_gpio.o(.text)
    GPIO_StructInit                          0x08000917   Thumb Code    16  stm32f10x_gpio.o(.text)
    GPIO_ReadInputDataBit                    0x08000927   Thumb Code    18  stm32f10x_gpio.o(.text)
    GPIO_ReadInputData                       0x08000939   Thumb Code     8  stm32f10x_gpio.o(.text)
    GPIO_ReadOutputDataBit                   0x08000941   Thumb Code    18  stm32f10x_gpio.o(.text)
    GPIO_ReadOutputData                      0x08000953   Thumb Code     8  stm32f10x_gpio.o(.text)
    GPIO_SetBits                             0x0800095b   Thumb Code     4  stm32f10x_gpio.o(.text)
    GPIO_ResetBits                           0x0800095f   Thumb Code     4  stm32f10x_gpio.o(.text)
    GPIO_WriteBit                            0x08000963   Thumb Code    10  stm32f10x_gpio.o(.text)
    GPIO_Write                               0x0800096d   Thumb Code     4  stm32f10x_gpio.o(.text)
    GPIO_PinLockConfig                       0x08000971   Thumb Code    18  stm32f10x_gpio.o(.text)
    GPIO_EventOutputConfig                   0x08000983   Thumb Code    26  stm32f10x_gpio.o(.text)
    GPIO_EventOutputCmd                      0x0800099d   Thumb Code     6  stm32f10x_gpio.o(.text)
    GPIO_PinRemapConfig                      0x080009a3   Thumb Code   138  stm32f10x_gpio.o(.text)
    GPIO_EXTILineConfig                      0x08000a2d   Thumb Code    66  stm32f10x_gpio.o(.text)
    GPIO_ETH_MediaInterfaceConfig            0x08000a6f   Thumb Code     8  stm32f10x_gpio.o(.text)
    RCC_DeInit                               0x08000a9d   Thumb Code    64  stm32f10x_rcc.o(.text)
    RCC_HSEConfig                            0x08000add   Thumb Code    70  stm32f10x_rcc.o(.text)
    RCC_GetFlagStatus                        0x08000b23   Thumb Code    56  stm32f10x_rcc.o(.text)
    RCC_WaitForHSEStartUp                    0x08000b5b   Thumb Code    56  stm32f10x_rcc.o(.text)
    RCC_AdjustHSICalibrationValue            0x08000b93   Thumb Code    20  stm32f10x_rcc.o(.text)
    RCC_HSICmd                               0x08000ba7   Thumb Code     6  stm32f10x_rcc.o(.text)
    RCC_PLLConfig                            0x08000bad   Thumb Code    24  stm32f10x_rcc.o(.text)
    RCC_PLLCmd                               0x08000bc5   Thumb Code     6  stm32f10x_rcc.o(.text)
    RCC_SYSCLKConfig                         0x08000bcb   Thumb Code    18  stm32f10x_rcc.o(.text)
    RCC_GetSYSCLKSource                      0x08000bdd   Thumb Code    10  stm32f10x_rcc.o(.text)
    RCC_HCLKConfig                           0x08000be7   Thumb Code    18  stm32f10x_rcc.o(.text)
    RCC_PCLK1Config                          0x08000bf9   Thumb Code    18  stm32f10x_rcc.o(.text)
    RCC_PCLK2Config                          0x08000c0b   Thumb Code    20  stm32f10x_rcc.o(.text)
    RCC_ITConfig                             0x08000c1f   Thumb Code    26  stm32f10x_rcc.o(.text)
    RCC_USBCLKConfig                         0x08000c39   Thumb Code     8  stm32f10x_rcc.o(.text)
    RCC_ADCCLKConfig                         0x08000c41   Thumb Code    18  stm32f10x_rcc.o(.text)
    RCC_LSEConfig                            0x08000c53   Thumb Code    50  stm32f10x_rcc.o(.text)
    RCC_LSICmd                               0x08000c85   Thumb Code     6  stm32f10x_rcc.o(.text)
    RCC_RTCCLKConfig                         0x08000c8b   Thumb Code    12  stm32f10x_rcc.o(.text)
    RCC_RTCCLKCmd                            0x08000c97   Thumb Code     8  stm32f10x_rcc.o(.text)
    RCC_GetClocksFreq                        0x08000c9f   Thumb Code   192  stm32f10x_rcc.o(.text)
    RCC_AHBPeriphClockCmd                    0x08000d5f   Thumb Code    26  stm32f10x_rcc.o(.text)
    RCC_APB2PeriphClockCmd                   0x08000d79   Thumb Code    26  stm32f10x_rcc.o(.text)
    RCC_APB1PeriphClockCmd                   0x08000d93   Thumb Code    26  stm32f10x_rcc.o(.text)
    RCC_APB2PeriphResetCmd                   0x08000dad   Thumb Code    26  stm32f10x_rcc.o(.text)
    RCC_APB1PeriphResetCmd                   0x08000dc7   Thumb Code    26  stm32f10x_rcc.o(.text)
    RCC_BackupResetCmd                       0x08000de1   Thumb Code     8  stm32f10x_rcc.o(.text)
    RCC_ClockSecuritySystemCmd               0x08000de9   Thumb Code     6  stm32f10x_rcc.o(.text)
    RCC_MCOConfig                            0x08000def   Thumb Code     6  stm32f10x_rcc.o(.text)
    RCC_ClearFlag                            0x08000df5   Thumb Code    14  stm32f10x_rcc.o(.text)
    RCC_GetITStatus                          0x08000e03   Thumb Code    20  stm32f10x_rcc.o(.text)
    RCC_ClearITPendingBit                    0x08000e17   Thumb Code     6  stm32f10x_rcc.o(.text)
    USART_DeInit                             0x08000e41   Thumb Code   134  stm32f10x_usart.o(.text)
    USART_Init                               0x08000ec7   Thumb Code   210  stm32f10x_usart.o(.text)
    USART_StructInit                         0x08000f99   Thumb Code    24  stm32f10x_usart.o(.text)
    USART_ClockInit                          0x08000fb1   Thumb Code    34  stm32f10x_usart.o(.text)
    USART_ClockStructInit                    0x08000fd3   Thumb Code    12  stm32f10x_usart.o(.text)
    USART_Cmd                                0x08000fdf   Thumb Code    24  stm32f10x_usart.o(.text)
    USART_ITConfig                           0x08000ff7   Thumb Code    74  stm32f10x_usart.o(.text)
    USART_DMACmd                             0x08001041   Thumb Code    18  stm32f10x_usart.o(.text)
    USART_SetAddress                         0x08001053   Thumb Code    18  stm32f10x_usart.o(.text)
    USART_WakeUpConfig                       0x08001065   Thumb Code    18  stm32f10x_usart.o(.text)
    USART_ReceiverWakeUpCmd                  0x08001077   Thumb Code    24  stm32f10x_usart.o(.text)
    USART_LINBreakDetectLengthConfig         0x0800108f   Thumb Code    18  stm32f10x_usart.o(.text)
    USART_LINCmd                             0x080010a1   Thumb Code    24  stm32f10x_usart.o(.text)
    USART_SendData                           0x080010b9   Thumb Code     8  stm32f10x_usart.o(.text)
    USART_ReceiveData                        0x080010c1   Thumb Code    10  stm32f10x_usart.o(.text)
    USART_SendBreak                          0x080010cb   Thumb Code    10  stm32f10x_usart.o(.text)
    USART_SetGuardTime                       0x080010d5   Thumb Code    16  stm32f10x_usart.o(.text)
    USART_SetPrescaler                       0x080010e5   Thumb Code    16  stm32f10x_usart.o(.text)
    USART_SmartCardCmd                       0x080010f5   Thumb Code    24  stm32f10x_usart.o(.text)
    USART_SmartCardNACKCmd                   0x0800110d   Thumb Code    24  stm32f10x_usart.o(.text)
    USART_HalfDuplexCmd                      0x08001125   Thumb Code    24  stm32f10x_usart.o(.text)
    USART_OverSampling8Cmd                   0x0800113d   Thumb Code    22  stm32f10x_usart.o(.text)
    USART_OneBitMethodCmd                    0x08001153   Thumb Code    24  stm32f10x_usart.o(.text)
    USART_IrDAConfig                         0x0800116b   Thumb Code    18  stm32f10x_usart.o(.text)
    USART_IrDACmd                            0x0800117d   Thumb Code    24  stm32f10x_usart.o(.text)
    USART_GetFlagStatus                      0x08001195   Thumb Code    26  stm32f10x_usart.o(.text)
    USART_ClearFlag                          0x080011af   Thumb Code    18  stm32f10x_usart.o(.text)
    USART_GetITStatus                        0x080011c1   Thumb Code    84  stm32f10x_usart.o(.text)
    USART_ClearITPendingBit                  0x08001215   Thumb Code    52  stm32f10x_usart.o(.text)
    Usart1_Init                              0x08001249   Thumb Code   166  usart.o(.text)
    Usart2_Init                              0x080012ef   Thumb Code   164  usart.o(.text)
    Usart_SendString                         0x08001393   Thumb Code    50  usart.o(.text)
    UsartPrintf                              0x080013c5   Thumb Code    72  usart.o(.text)
    USART1_IRQHandler                        0x0800140d   Thumb Code    24  usart.o(.text)
    Led_Set                                  0x08001431   Thumb Code    24  led.o(.text)
    Led_Init                                 0x08001449   Thumb Code    44  led.o(.text)
    Key_Init                                 0x0800147d   Thumb Code    46  key.o(.text)
    Task_KeyScan                             0x080014ab   Thumb Code   144  key.o(.text)
    DHT11_Rst                                0x08001591   Thumb Code    60  dht11.o(.text)
    DHT11_Check                              0x080015cd   Thumb Code   100  dht11.o(.text)
    DHT11_Read_Bit                           0x08001631   Thumb Code    82  dht11.o(.text)
    DHT11_Read_Byte                          0x08001683   Thumb Code    30  dht11.o(.text)
    DHT11_Read_Data                          0x080016a1   Thumb Code    88  dht11.o(.text)
    DHT11_Init                               0x080016f9   Thumb Code    54  dht11.o(.text)
    vApplicationStackOverflowHook            0x0800174d   Thumb Code     6  main.o(.text)
    main                                     0x08001a61   Thumb Code   668  main.o(.text)
    OneNET_RegisterDevice                    0x08001f33   Thumb Code   216  onenet.o(.text)
    OneNet_DevLink                           0x0800200b   Thumb Code   242  onenet.o(.text)
    OneNet_FillBuf                           0x080020fd   Thumb Code   932  onenet.o(.text)
    OneNet_SendData                          0x080024a1   Thumb Code   124  onenet.o(.text)
    OneNET_Publish                           0x0800251d   Thumb Code    86  onenet.o(.text)
    OneNET_Subscribe                         0x08002573   Thumb Code    86  onenet.o(.text)
    OneNet_RevPro                            0x080025c9   Thumb Code   256  onenet.o(.text)
    ft                                       0x080027e9   Thumb Code    76  hmac_sha1.o(.text)
    k                                        0x08002835   Thumb Code    34  hmac_sha1.o(.text)
    rotr                                     0x08002857   Thumb Code    40  hmac_sha1.o(.text)
    rotl                                     0x0800287f   Thumb Code    46  hmac_sha1.o(.text)
    sha1                                     0x080028ad   Thumb Code   632  hmac_sha1.o(.text)
    hmac_sha1                                0x08002b25   Thumb Code   330  hmac_sha1.o(.text)
    BASE64_Encode                            0x08002c71   Thumb Code   320  base64.o(.text)
    BASE64_Decode                            0x08002db1   Thumb Code   360  base64.o(.text)
    MQTT_NewBuffer                           0x08002f21   Thumb Code    88  mqttkit.o(.text)
    MQTT_DeleteBuffer                        0x08002f79   Thumb Code    28  mqttkit.o(.text)
    MQTT_DumpLength                          0x08002f95   Thumb Code    46  mqttkit.o(.text)
    MQTT_ReadLength                          0x08002fc3   Thumb Code    70  mqttkit.o(.text)
    MQTT_UnPacketRecv                        0x08003009   Thumb Code   106  mqttkit.o(.text)
    MQTT_PacketConnect                       0x08003073   Thumb Code   666  mqttkit.o(.text)
    MQTT_PacketDisConnect                    0x0800330d   Thumb Code    48  mqttkit.o(.text)
    MQTT_UnPacketConnectAck                  0x0800333d   Thumb Code    30  mqttkit.o(.text)
    MQTT_PacketPublish                       0x0800335b   Thumb Code   452  mqttkit.o(.text)
    MQTT_PacketSaveData                      0x0800351f   Thumb Code    68  mqttkit.o(.text)
    MQTT_PacketSaveBinData                   0x08003563   Thumb Code   192  mqttkit.o(.text)
    MQTT_UnPacketCmd                         0x08003623   Thumb Code   140  mqttkit.o(.text)
    MQTT_PacketCmdResp                       0x080036af   Thumb Code   132  mqttkit.o(.text)
    MQTT_PacketSubscribe                     0x08003733   Thumb Code   254  mqttkit.o(.text)
    MQTT_UnPacketSubscribe                   0x08003831   Thumb Code    52  mqttkit.o(.text)
    MQTT_PacketUnSubscribe                   0x08003865   Thumb Code   300  mqttkit.o(.text)
    MQTT_UnPacketUnSubscribe                 0x08003991   Thumb Code    18  mqttkit.o(.text)
    MQTT_UnPacketPublish                     0x080039a3   Thumb Code   440  mqttkit.o(.text)
    MQTT_PacketPublishAck                    0x08003b5b   Thumb Code    72  mqttkit.o(.text)
    MQTT_UnPacketPublishAck                  0x08003ba3   Thumb Code    30  mqttkit.o(.text)
    MQTT_PacketPublishRec                    0x08003bc1   Thumb Code    72  mqttkit.o(.text)
    MQTT_UnPacketPublishRec                  0x08003c09   Thumb Code    30  mqttkit.o(.text)
    MQTT_PacketPublishRel                    0x08003c27   Thumb Code    72  mqttkit.o(.text)
    MQTT_UnPacketPublishRel                  0x08003c6f   Thumb Code    36  mqttkit.o(.text)
    MQTT_PacketPublishComp                   0x08003c93   Thumb Code    72  mqttkit.o(.text)
    MQTT_UnPacketPublishComp                 0x08003cdb   Thumb Code    30  mqttkit.o(.text)
    MQTT_PacketPing                          0x08003cf9   Thumb Code    48  mqttkit.o(.text)
    ESP8266_Clear                            0x08003d29   Thumb Code    20  esp8266.o(.text)
    ESP8266_WaitRecive                       0x08003d3d   Thumb Code    42  esp8266.o(.text)
    ESP8266_SendCmd                          0x08003d67   Thumb Code    76  esp8266.o(.text)
    ESP8266_SendData                         0x08003db3   Thumb Code    46  esp8266.o(.text)
    ESP8266_GetIPD                           0x08003de1   Thumb Code    68  esp8266.o(.text)
    ESP8266_Init                             0x08003e25   Thumb Code   174  esp8266.o(.text)
    USART2_IRQHandler                        0x08003ed3   Thumb Code    64  esp8266.o(.text)
    cJSON_GetErrorPtr                        0x08003ff5   Thumb Code     6  cjson.o(.text)
    cJSON_InitHooks                          0x0800406f   Thumb Code    48  cjson.o(.text)
    cJSON_Delete                             0x080040b9   Thumb Code    82  cjson.o(.text)
    cJSON_ParseWithOpts                      0x08004c25   Thumb Code   152  cjson.o(.text)
    cJSON_Parse                              0x08004cbd   Thumb Code    16  cjson.o(.text)
    cJSON_Print                              0x0800544d   Thumb Code    18  cjson.o(.text)
    cJSON_PrintUnformatted                   0x0800545f   Thumb Code    18  cjson.o(.text)
    cJSON_PrintBuffered                      0x08005471   Thumb Code    52  cjson.o(.text)
    cJSON_GetArraySize                       0x080054a5   Thumb Code    18  cjson.o(.text)
    cJSON_GetArrayItem                       0x080054b7   Thumb Code    18  cjson.o(.text)
    cJSON_GetObjectItem                      0x080054c9   Thumb Code    30  cjson.o(.text)
    cJSON_AddItemToArray                     0x0800551d   Thumb Code    42  cjson.o(.text)
    cJSON_AddItemToObject                    0x08005547   Thumb Code    44  cjson.o(.text)
    cJSON_AddItemToObjectCS                  0x08005573   Thumb Code    54  cjson.o(.text)
    cJSON_AddItemReferenceToArray            0x080055a9   Thumb Code    24  cjson.o(.text)
    cJSON_AddItemReferenceToObject           0x080055c1   Thumb Code    32  cjson.o(.text)
    cJSON_DetachItemFromArray                0x080055e1   Thumb Code    66  cjson.o(.text)
    cJSON_DeleteItemFromArray                0x08005623   Thumb Code    22  cjson.o(.text)
    cJSON_DetachItemFromObject               0x08005639   Thumb Code    50  cjson.o(.text)
    cJSON_DeleteItemFromObject               0x0800566b   Thumb Code    22  cjson.o(.text)
    cJSON_InsertItemInArray                  0x08005681   Thumb Code    64  cjson.o(.text)
    cJSON_ReplaceItemInArray                 0x080056c1   Thumb Code    76  cjson.o(.text)
    cJSON_ReplaceItemInObject                0x0800570d   Thumb Code    62  cjson.o(.text)
    cJSON_CreateNull                         0x0800574b   Thumb Code    18  cjson.o(.text)
    cJSON_CreateTrue                         0x0800575d   Thumb Code    18  cjson.o(.text)
    cJSON_CreateFalse                        0x0800576f   Thumb Code    18  cjson.o(.text)
    cJSON_CreateBool                         0x08005781   Thumb Code    26  cjson.o(.text)
    cJSON_CreateNumber                       0x0800579b   Thumb Code    36  cjson.o(.text)
    cJSON_CreateString                       0x080057bf   Thumb Code    28  cjson.o(.text)
    cJSON_CreateArray                        0x080057db   Thumb Code    18  cjson.o(.text)
    cJSON_CreateObject                       0x080057ed   Thumb Code    18  cjson.o(.text)
    cJSON_CreateIntArray                     0x080057ff   Thumb Code    68  cjson.o(.text)
    cJSON_CreateFloatArray                   0x08005843   Thumb Code    68  cjson.o(.text)
    cJSON_CreateDoubleArray                  0x08005887   Thumb Code    68  cjson.o(.text)
    cJSON_CreateStringArray                  0x080058cb   Thumb Code    62  cjson.o(.text)
    cJSON_Duplicate                          0x08005909   Thumb Code   178  cjson.o(.text)
    cJSON_Minify                             0x080059bb   Thumb Code   186  cjson.o(.text)
    IIC_Start                                0x08005a75   Thumb Code    36  oled.o(.text)
    IIC_Stop                                 0x08005a99   Thumb Code    28  oled.o(.text)
    IIC_Wait_Ack                             0x08005ab5   Thumb Code    20  oled.o(.text)
    Write_IIC_Byte                           0x08005ac9   Thumb Code    80  oled.o(.text)
    Write_IIC_Command                        0x08005b19   Thumb Code    44  oled.o(.text)
    Write_IIC_Data                           0x08005b45   Thumb Code    44  oled.o(.text)
    OLED_WR_Byte                             0x08005b71   Thumb Code    24  oled.o(.text)
    fill_picture                             0x08005b89   Thumb Code    64  oled.o(.text)
    Delay_50ms                               0x08005bc9   Thumb Code    22  oled.o(.text)
    Delay_1ms                                0x08005bdf   Thumb Code    26  oled.o(.text)
    OLED_Set_Pos                             0x08005bf9   Thumb Code    40  oled.o(.text)
    OLED_Display_On                          0x08005c21   Thumb Code    28  oled.o(.text)
    OLED_Display_Off                         0x08005c3d   Thumb Code    28  oled.o(.text)
    OLED_Clear                               0x08005c59   Thumb Code    62  oled.o(.text)
    OLED_On                                  0x08005c97   Thumb Code    62  oled.o(.text)
    OLED_ShowChar                            0x08005cd5   Thumb Code   154  oled.o(.text)
    oled_pow                                 0x08005d6f   Thumb Code    22  oled.o(.text)
    OLED_ShowNum                             0x08005d85   Thumb Code   136  oled.o(.text)
    OLED_ShowString                          0x08005e0d   Thumb Code    58  oled.o(.text)
    OLED_ShowCHinese                         0x08005e47   Thumb Code   112  oled.o(.text)
    OLED_DrawBMP                             0x08005eb7   Thumb Code   118  oled.o(.text)
    OLED_Init                                0x08005f2d   Thumb Code   282  oled.o(.text)
    vListInitialise                          0x08006055   Thumb Code    26  list.o(.text)
    vListInitialiseItem                      0x0800606f   Thumb Code     6  list.o(.text)
    vListInsertEnd                           0x08006075   Thumb Code    24  list.o(.text)
    vListInsert                              0x0800608d   Thumb Code    52  list.o(.text)
    uxListRemove                             0x080060c1   Thumb Code    40  list.o(.text)
    xQueueGenericReset                       0x080060e9   Thumb Code   214  queue.o(.text)
    xQueueGenericCreateStatic                0x080061e5   Thumb Code   154  queue.o(.text)
    xQueueGenericGetStaticBuffers            0x0800627f   Thumb Code    80  queue.o(.text)
    xQueueGenericCreate                      0x080062cf   Thumb Code   108  queue.o(.text)
    xQueueGenericSend                        0x08006455   Thumb Code   426  queue.o(.text)
    xQueueCreateMutex                        0x0800661d   Thumb Code    34  queue.o(.text)
    xQueueCreateMutexStatic                  0x0800663f   Thumb Code    42  queue.o(.text)
    xQueueGiveMutexRecursive                 0x08006669   Thumb Code    72  queue.o(.text)
    xQueueSemaphoreTake                      0x080066df   Thumb Code   398  queue.o(.text)
    xQueueTakeMutexRecursive                 0x0800686d   Thumb Code   130  queue.o(.text)
    xQueueCreateCountingSemaphoreStatic      0x080068ef   Thumb Code    68  queue.o(.text)
    xQueueCreateCountingSemaphore            0x08006933   Thumb Code    60  queue.o(.text)
    xQueueGenericSendFromISR                 0x0800696f   Thumb Code   284  queue.o(.text)
    xQueueGiveFromISR                        0x08006a8b   Thumb Code   254  queue.o(.text)
    xQueueReceive                            0x08006bb3   Thumb Code   356  queue.o(.text)
    xQueuePeek                               0x08006d17   Thumb Code   340  queue.o(.text)
    xQueueReceiveFromISR                     0x08006e6b   Thumb Code   254  queue.o(.text)
    xQueuePeekFromISR                        0x08006f69   Thumb Code   156  queue.o(.text)
    uxQueueMessagesWaiting                   0x08007005   Thumb Code    42  queue.o(.text)
    uxQueueSpacesAvailable                   0x0800702f   Thumb Code    52  queue.o(.text)
    uxQueueMessagesWaitingFromISR            0x08007063   Thumb Code    34  queue.o(.text)
    vQueueDelete                             0x08007085   Thumb Code    44  queue.o(.text)
    uxQueueGetQueueItemSize                  0x080070b1   Thumb Code     6  queue.o(.text)
    uxQueueGetQueueLength                    0x080070b7   Thumb Code     6  queue.o(.text)
    xQueueIsQueueEmptyFromISR                0x080070bd   Thumb Code    42  queue.o(.text)
    xQueueIsQueueFullFromISR                 0x080070e7   Thumb Code    46  queue.o(.text)
    xTaskCreateStatic                        0x080073df   Thumb Code    64  tasks.o(.text)
    xTaskCreate                              0x0800747d   Thumb Code    56  tasks.o(.text)
    vTaskDelete                              0x0800752d   Thumb Code   228  tasks.o(.text)
    xTaskIncrementTick                       0x08007611   Thumb Code   470  tasks.o(.text)
    xTaskResumeAll                           0x080077e7   Thumb Code   378  tasks.o(.text)
    vTaskSuspendAll                          0x080079f7   Thumb Code    12  tasks.o(.text)
    xTaskDelayUntil                          0x08007a03   Thumb Code   202  tasks.o(.text)
    vTaskDelay                               0x08007acd   Thumb Code    82  tasks.o(.text)
    uxTaskPriorityGet                        0x08007b1f   Thumb Code   118  tasks.o(.text)
    uxTaskPriorityGetFromISR                 0x08007b95   Thumb Code    94  tasks.o(.text)
    uxTaskBasePriorityGet                    0x08007bf3   Thumb Code    62  tasks.o(.text)
    uxTaskBasePriorityGetFromISR             0x08007c31   Thumb Code    94  tasks.o(.text)
    vTaskPrioritySet                         0x08007c8f   Thumb Code   352  tasks.o(.text)
    vTaskSwitchContext                       0x08007def   Thumb Code   214  tasks.o(.text)
    vTaskSuspend                             0x08007ec5   Thumb Code   258  tasks.o(.text)
    vTaskResume                              0x08008035   Thumb Code   196  tasks.o(.text)
    xTaskResumeFromISR                       0x080080f9   Thumb Code   226  tasks.o(.text)
    vApplicationGetIdleTaskMemory            0x080081db   Thumb Code    14  tasks.o(.text)
    vTaskStartScheduler                      0x080082cf   Thumb Code    96  tasks.o(.text)
    vTaskEndScheduler                        0x0800832f   Thumb Code    56  tasks.o(.text)
    xTaskGetTickCount                        0x08008367   Thumb Code     6  tasks.o(.text)
    xTaskGetTickCountFromISR                 0x0800836d   Thumb Code    16  tasks.o(.text)
    uxTaskGetNumberOfTasks                   0x0800837d   Thumb Code     6  tasks.o(.text)
    pcTaskGetName                            0x08008383   Thumb Code    52  tasks.o(.text)
    xTaskGetStaticBuffers                    0x080083b7   Thumb Code   242  tasks.o(.text)
    xTaskCatchUpTicks                        0x080084a9   Thumb Code    72  tasks.o(.text)
    vTaskPlaceOnEventList                    0x080084f1   Thumb Code    52  tasks.o(.text)
    vTaskPlaceOnUnorderedEventList           0x08008525   Thumb Code   138  tasks.o(.text)
    xTaskRemoveFromEventList                 0x080085af   Thumb Code   282  tasks.o(.text)
    vTaskRemoveFromUnorderedEventList        0x080086c9   Thumb Code   268  tasks.o(.text)
    vTaskSetTimeOutState                     0x080087d5   Thumb Code    50  tasks.o(.text)
    vTaskInternalSetTimeOutState             0x08008807   Thumb Code    14  tasks.o(.text)
    xTaskCheckForTimeOut                     0x08008815   Thumb Code   174  tasks.o(.text)
    vTaskMissedYield                         0x080088c3   Thumb Code     8  tasks.o(.text)
    uxTaskGetStackHighWaterMark              0x080088df   Thumb Code    66  tasks.o(.text)
    xTaskGetCurrentTaskHandle                0x08008921   Thumb Code     6  tasks.o(.text)
    xTaskGetCurrentTaskHandleForCore         0x08008927   Thumb Code    26  tasks.o(.text)
    xTaskGetSchedulerState                   0x08008941   Thumb Code    24  tasks.o(.text)
    xTaskPriorityInherit                     0x08008959   Thumb Code   212  tasks.o(.text)
    xTaskPriorityDisinherit                  0x08008a2d   Thumb Code   214  tasks.o(.text)
    vTaskPriorityDisinheritAfterTimeout      0x08008b03   Thumb Code   256  tasks.o(.text)
    uxTaskResetEventItemValue                0x08008c03   Thumb Code    24  tasks.o(.text)
    pvTaskIncrementMutexHeldCount            0x08008c1b   Thumb Code    14  tasks.o(.text)
    ulTaskGenericNotifyTake                  0x08008c29   Thumb Code   242  tasks.o(.text)
    xTaskGenericNotifyWait                   0x08008d1b   Thumb Code   242  tasks.o(.text)
    xTaskGenericNotify                       0x08008e0d   Thumb Code   460  tasks.o(.text)
    xTaskGenericNotifyFromISR                0x08008fd9   Thumb Code   554  tasks.o(.text)
    vTaskGenericNotifyGiveFromISR            0x08009203   Thumb Code   386  tasks.o(.text)
    xTaskGenericNotifyStateClear             0x08009385   Thumb Code   122  tasks.o(.text)
    ulTaskGenericNotifyValueClear            0x080093ff   Thumb Code   122  tasks.o(.text)
    vTaskResetState                          0x08009479   Thumb Code   124  tasks.o(.text)
    pvPortMalloc                             0x0800954d   Thumb Code   480  heap_4.o(.text)
    vPortFree                                0x080097bd   Thumb Code   202  heap_4.o(.text)
    xPortGetFreeHeapSize                     0x08009887   Thumb Code     6  heap_4.o(.text)
    xPortGetMinimumEverFreeHeapSize          0x0800988d   Thumb Code     6  heap_4.o(.text)
    xPortResetHeapMinimumEverFreeHeapSize    0x08009893   Thumb Code    10  heap_4.o(.text)
    vPortInitialiseBlocks                    0x0800989d   Thumb Code     2  heap_4.o(.text)
    pvPortCalloc                             0x0800989f   Thumb Code    86  heap_4.o(.text)
    vPortGetHeapStats                        0x080098f5   Thumb Code   104  heap_4.o(.text)
    vPortHeapResetState                      0x0800995d   Thumb Code    24  heap_4.o(.text)
    pxPortInitialiseStack                    0x080099c9   Thumb Code    30  port.o(.text)
    vPortSetupTimerInterrupt                 0x080099e7   Thumb Code    20  port.o(.text)
    xPortStartScheduler                      0x080099fb   Thumb Code   228  port.o(.text)
    vPortEndScheduler                        0x08009adf   Thumb Code    42  port.o(.text)
    vPortEnterCritical                       0x08009b09   Thumb Code    78  port.o(.text)
    vPortExitCritical                        0x08009b57   Thumb Code    56  port.o(.text)
    SysTick_Handler                          0x08009b8f   Thumb Code    48  port.o(.text)
    vPortValidateInterruptPriority           0x08009bbf   Thumb Code   108  port.o(.text)
    malloc                                   0x08009c49   Thumb Code    94  h1_alloc.o(.text)
    free                                     0x08009ca7   Thumb Code    78  h1_free.o(.text)
    tolower                                  0x08009cf5   Thumb Code    26  tolower.o(.text)
    __c89vsnprintf                           0x08009d11   Thumb Code    48  c89vsnprintf.o(.text)
    __2sprintf                               0x08009d45   Thumb Code    38  __2sprintf.o(.text)
    __2snprintf                              0x08009d71   Thumb Code    50  __2snprintf.o(.text)
    _printf_pre_padding                      0x08009da9   Thumb Code    44  _printf_pad.o(.text)
    _printf_post_padding                     0x08009dd5   Thumb Code    34  _printf_pad.o(.text)
    _printf_str                              0x08009df7   Thumb Code    82  _printf_str.o(.text)
    _printf_int_dec                          0x08009e49   Thumb Code   104  _printf_dec.o(.text)
    _printf_longlong_hex                     0x08009ec1   Thumb Code    86  _printf_hex_int_ll_ptr.o(.text)
    _printf_int_hex                          0x08009f17   Thumb Code    28  _printf_hex_int_ll_ptr.o(.text)
    _printf_ll_hex                           0x08009f33   Thumb Code    12  _printf_hex_int_ll_ptr.o(.text)
    _printf_hex_ptr                          0x08009f3f   Thumb Code    18  _printf_hex_int_ll_ptr.o(.text)
    __printf                                 0x08009f55   Thumb Code   388  __printf_flags_ss_wp.o(.text)
    __0sscanf                                0x0800a0dd   Thumb Code    52  __0sscanf.o(.text)
    _scanf_int                               0x0800a119   Thumb Code   332  _scanf_int.o(.text)
    _scanf_string                            0x0800a265   Thumb Code   224  _scanf_str.o(.text)
    strchr                                   0x0800a345   Thumb Code    20  strchr.o(.text)
    strncat                                  0x0800a359   Thumb Code    36  strncat.o(.text)
    strstr                                   0x0800a37d   Thumb Code    36  strstr.o(.text)
    strcpy                                   0x0800a3a1   Thumb Code    72  strcpy.o(.text)
    strlen                                   0x0800a3e9   Thumb Code    62  strlen.o(.text)
    strncmp                                  0x0800a427   Thumb Code   150  strncmp.o(.text)
    strcat                                   0x0800a4bd   Thumb Code    24  strcat.o(.text)
    __aeabi_memcpy                           0x0800a4d5   Thumb Code     0  rt_memcpy_v6.o(.text)
    __rt_memcpy                              0x0800a4d5   Thumb Code   138  rt_memcpy_v6.o(.text)
    _memcpy_lastbytes                        0x0800a53b   Thumb Code     0  rt_memcpy_v6.o(.text)
    __aeabi_memcpy4                          0x0800a55f   Thumb Code     0  rt_memcpy_w.o(.text)
    __aeabi_memcpy8                          0x0800a55f   Thumb Code     0  rt_memcpy_w.o(.text)
    __rt_memcpy_w                            0x0800a55f   Thumb Code   100  rt_memcpy_w.o(.text)
    _memcpy_lastbytes_aligned                0x0800a5a7   Thumb Code     0  rt_memcpy_w.o(.text)
    __aeabi_memset                           0x0800a5c3   Thumb Code    16  aeabi_memset.o(.text)
    __aeabi_memclr                           0x0800a5d3   Thumb Code     0  rt_memclr.o(.text)
    __rt_memclr                              0x0800a5d3   Thumb Code    68  rt_memclr.o(.text)
    _memset                                  0x0800a5d7   Thumb Code     0  rt_memclr.o(.text)
    __aeabi_memclr4                          0x0800a617   Thumb Code     0  rt_memclr_w.o(.text)
    __aeabi_memclr8                          0x0800a617   Thumb Code     0  rt_memclr_w.o(.text)
    __rt_memclr_w                            0x0800a617   Thumb Code    78  rt_memclr_w.o(.text)
    _memset_w                                0x0800a61b   Thumb Code     0  rt_memclr_w.o(.text)
    __use_two_region_memory                  0x0800a665   Thumb Code     2  heapauxi.o(.text)
    __rt_heap_escrow                         0x0800a667   Thumb Code     2  heapauxi.o(.text)
    __rt_heap_expand                         0x0800a669   Thumb Code     2  heapauxi.o(.text)
    __rt_ctype_table                         0x0800a66d   Thumb Code    16  rt_ctype_table.o(.text)
    __rt_heap_descriptor                     0x0800a67d   Thumb Code     8  rt_heap_descriptor_intlibspace.o(.text)
    __use_no_heap                            0x0800a685   Thumb Code     2  hguard.o(.text)
    __heap$guard                             0x0800a687   Thumb Code     2  hguard.o(.text)
    _terminate_user_alloc                    0x0800a689   Thumb Code     2  init_alloc.o(.text)
    _init_user_alloc                         0x0800a68b   Thumb Code     2  init_alloc.o(.text)
    __Heap_Full                              0x0800a68d   Thumb Code    34  init_alloc.o(.text)
    __Heap_Broken                            0x0800a6af   Thumb Code     6  init_alloc.o(.text)
    _init_alloc                              0x0800a6b5   Thumb Code    94  init_alloc.o(.text)
    __Heap_Initialize                        0x0800a713   Thumb Code    10  h1_init.o(.text)
    __Heap_DescSize                          0x0800a71d   Thumb Code     4  h1_init.o(.text)
    __read_errno                             0x0800a721   Thumb Code    10  _rserrno.o(.text)
    __set_errno                              0x0800a72b   Thumb Code    12  _rserrno.o(.text)
    _printf_truncate_signed                  0x0800a737   Thumb Code    18  _printf_truncate.o(.text)
    _printf_truncate_unsigned                0x0800a749   Thumb Code    18  _printf_truncate.o(.text)
    _printf_int_common                       0x0800a75b   Thumb Code   178  _printf_intcommon.o(.text)
    _printf_charcount                        0x0800a80d   Thumb Code    40  _printf_charcount.o(.text)
    __lib_sel_fp_printf                      0x0800a835   Thumb Code     2  _printf_fp_dec.o(.text)
    _printf_fp_dec_real                      0x0800a9e7   Thumb Code   620  _printf_fp_dec.o(.text)
    _printf_char_common                      0x0800ac5f   Thumb Code    32  _printf_char_common.o(.text)
    _sputc                                   0x0800ac85   Thumb Code    10  _sputc.o(.text)
    _snputc                                  0x0800ac8f   Thumb Code    16  _snputc.o(.text)
    _printf_cs_common                        0x0800ac9f   Thumb Code    20  _printf_char.o(.text)
    _printf_char                             0x0800acb3   Thumb Code    16  _printf_char.o(.text)
    _printf_string                           0x0800acc3   Thumb Code     8  _printf_char.o(.text)
    _printf_wctomb                           0x0800accd   Thumb Code   182  _printf_wctomb.o(.text)
    _printf_longlong_dec                     0x0800ad89   Thumb Code   108  _printf_longlong_dec.o(.text)
    _printf_longlong_oct                     0x0800ae05   Thumb Code    66  _printf_oct_int_ll.o(.text)
    _printf_int_oct                          0x0800ae47   Thumb Code    24  _printf_oct_int_ll.o(.text)
    _printf_ll_oct                           0x0800ae5f   Thumb Code    12  _printf_oct_int_ll.o(.text)
    _chval                                   0x0800ae75   Thumb Code    28  _chval.o(.text)
    __vfscanf_char                           0x0800ae9d   Thumb Code    24  scanf_char.o(.text)
    _sgetc                                   0x0800aebd   Thumb Code    30  _sgetc.o(.text)
    _sbackspace                              0x0800aedb   Thumb Code    34  _sgetc.o(.text)
    __user_libspace                          0x0800aefd   Thumb Code     8  libspace.o(.text)
    __user_perproc_libspace                  0x0800aefd   Thumb Code     0  libspace.o(.text)
    __user_perthread_libspace                0x0800aefd   Thumb Code     0  libspace.o(.text)
    __rt_locale                              0x0800af05   Thumb Code     8  rt_locale_intlibspace.o(.text)
    __aeabi_errno_addr                       0x0800af0d   Thumb Code     8  rt_errno_addr_intlibspace.o(.text)
    __errno$intlibspace                      0x0800af0d   Thumb Code     0  rt_errno_addr_intlibspace.o(.text)
    __rt_errno_addr$intlibspace              0x0800af0d   Thumb Code     0  rt_errno_addr_intlibspace.o(.text)
    __Heap_ProvideMemory                     0x0800af15   Thumb Code    52  h1_extend.o(.text)
    _ll_udiv10                               0x0800af49   Thumb Code   138  lludiv10.o(.text)
    isspace                                  0x0800afd3   Thumb Code    18  isspace.o(.text)
    _printf_fp_infnan                        0x0800afe5   Thumb Code   112  _printf_fp_infnan.o(.text)
    _printf_lcs_common                       0x0800b065   Thumb Code    20  _printf_wchar.o(.text)
    _printf_wchar                            0x0800b079   Thumb Code    16  _printf_wchar.o(.text)
    _printf_wstring                          0x0800b089   Thumb Code     8  _printf_wchar.o(.text)
    __vfscanf                                0x0800b091   Thumb Code   878  _scanf.o(.text)
    _btod_etento                             0x0800b405   Thumb Code   224  bigflt0.o(.text)
    _wcrtomb                                 0x0800b4e9   Thumb Code    64  _wcrtomb.o(.text)
    __rt_SIGRTMEM                            0x0800b529   Thumb Code    14  defsig_rtmem_outer.o(.text)
    __I$use$semihosting                      0x0800b537   Thumb Code     0  use_no_semi.o(.text)
    __use_no_semihosting_swi                 0x0800b537   Thumb Code     2  use_no_semi.o(.text)
    __semihosting_library_function           0x0800b539   Thumb Code     0  indicate_semi.o(.text)
    __user_setup_stackheap                   0x0800b539   Thumb Code    74  sys_stackheap_outer.o(.text)
    exit                                     0x0800b583   Thumb Code    18  exit.o(.text)
    __sig_exit                               0x0800b595   Thumb Code    10  defsig_exit.o(.text)
    __rt_SIGRTMEM_inner                      0x0800b5a1   Thumb Code    22  defsig_rtmem_inner.o(.text)
    strcmp                                   0x0800b5f1   Thumb Code   128  strcmpv7m.o(.text)
    _sys_exit                                0x0800b671   Thumb Code     8  sys_exit.o(.text)
    __default_signal_display                 0x0800b67d   Thumb Code    50  defsig_general.o(.text)
    _ttywrch                                 0x0800b6af   Thumb Code    14  sys_wrch.o(.text)
    _btod_d2e                                0x0800b6bd   Thumb Code    62  btod.o(CL$$btod_d2e)
    _d2e_denorm_low                          0x0800b6fb   Thumb Code    70  btod.o(CL$$btod_d2e_denorm_low)
    _d2e_norm_op1                            0x0800b741   Thumb Code    96  btod.o(CL$$btod_d2e_norm_op1)
    __btod_div_common                        0x0800b7a1   Thumb Code   696  btod.o(CL$$btod_div_common)
    _e2e                                     0x0800bad9   Thumb Code   220  btod.o(CL$$btod_e2e)
    _btod_ediv                               0x0800bbb5   Thumb Code    42  btod.o(CL$$btod_ediv)
    _btod_emul                               0x0800bbdf   Thumb Code    42  btod.o(CL$$btod_emul)
    __btod_mult_common                       0x0800bc09   Thumb Code   580  btod.o(CL$$btod_mult_common)
    __ARM_fpclassify                         0x0800be4d   Thumb Code    40  fpclassify.o(i.__ARM_fpclassify)
    __kernel_poly                            0x0800be75   Thumb Code   170  poly.o(i.__kernel_poly)
    __mathlib_dbl_divzero                    0x0800bf21   Thumb Code    12  dunder.o(i.__mathlib_dbl_divzero)
    __mathlib_dbl_infnan2                    0x0800bf31   Thumb Code     4  dunder.o(i.__mathlib_dbl_infnan2)
    __mathlib_dbl_invalid                    0x0800bf35   Thumb Code    12  dunder.o(i.__mathlib_dbl_invalid)
    __mathlib_dbl_overflow                   0x0800bf41   Thumb Code    14  dunder.o(i.__mathlib_dbl_overflow)
    __mathlib_dbl_underflow                  0x0800bf51   Thumb Code    10  dunder.o(i.__mathlib_dbl_underflow)
    _is_digit                                0x0800bf61   Thumb Code    14  __printf_wp.o(i._is_digit)
    floor                                    0x0800bf71   Thumb Code   204  floor.o(i.floor)
    pow                                      0x0800c04d   Thumb Code  2512  pow.o(i.pow)
    sqrt                                     0x0800ca25   Thumb Code    76  sqrt.o(i.sqrt)
    _get_lc_ctype                            0x0800ca71   Thumb Code    44  lc_ctype_c.o(locale$$code)
    _get_lc_numeric                          0x0800ca9d   Thumb Code    44  lc_numeric_c.o(locale$$code)
    __aeabi_dadd                             0x0800cac9   Thumb Code     0  daddsub_clz.o(x$fpl$dadd)
    _dadd                                    0x0800cac9   Thumb Code   332  daddsub_clz.o(x$fpl$dadd)
    __fpl_dcheck_NaN1                        0x0800cc19   Thumb Code    10  dcheck1.o(x$fpl$dcheck1)
    __fpl_dcmp_Inf                           0x0800cc29   Thumb Code    24  dcmpi.o(x$fpl$dcmpinf)
    __aeabi_ddiv                             0x0800cc41   Thumb Code     0  ddiv.o(x$fpl$ddiv)
    _ddiv                                    0x0800cc41   Thumb Code   552  ddiv.o(x$fpl$ddiv)
    __aeabi_cdcmpeq                          0x0800cef1   Thumb Code     0  deqf.o(x$fpl$deqf)
    _dcmpeq                                  0x0800cef1   Thumb Code   120  deqf.o(x$fpl$deqf)
    __aeabi_d2iz                             0x0800cf69   Thumb Code     0  dfix.o(x$fpl$dfix)
    _dfix                                    0x0800cf69   Thumb Code    94  dfix.o(x$fpl$dfix)
    __aeabi_i2d                              0x0800cfc7   Thumb Code     0  dflt_clz.o(x$fpl$dflt)
    _dflt                                    0x0800cfc7   Thumb Code    46  dflt_clz.o(x$fpl$dflt)
    __aeabi_cdcmple                          0x0800cff5   Thumb Code     0  dleqf.o(x$fpl$dleqf)
    _dcmple                                  0x0800cff5   Thumb Code   120  dleqf.o(x$fpl$dleqf)
    __fpl_dcmple_InfNaN                      0x0800d057   Thumb Code     0  dleqf.o(x$fpl$dleqf)
    __aeabi_dmul                             0x0800d06d   Thumb Code     0  dmul.o(x$fpl$dmul)
    _dmul                                    0x0800d06d   Thumb Code   332  dmul.o(x$fpl$dmul)
    __fpl_dnaninf                            0x0800d1c1   Thumb Code   156  dnaninf.o(x$fpl$dnaninf)
    __fpl_dretinf                            0x0800d25d   Thumb Code    12  dretinf.o(x$fpl$dretinf)
    __aeabi_cdrcmple                         0x0800d269   Thumb Code     0  drleqf.o(x$fpl$drleqf)
    _drcmple                                 0x0800d269   Thumb Code   108  drleqf.o(x$fpl$drleqf)
    __aeabi_drsub                            0x0800d2d5   Thumb Code     0  daddsub_clz.o(x$fpl$drsb)
    _drsb                                    0x0800d2d5   Thumb Code    22  daddsub_clz.o(x$fpl$drsb)
    _dsqrt                                   0x0800d2ed   Thumb Code   456  dsqrt_noumaal.o(x$fpl$dsqrt)
    __aeabi_dsub                             0x0800d4b9   Thumb Code     0  daddsub_clz.o(x$fpl$dsub)
    _dsub                                    0x0800d4b9   Thumb Code   464  daddsub_clz.o(x$fpl$dsub)
    __aeabi_f2d                              0x0800d68d   Thumb Code     0  f2d.o(x$fpl$f2d)
    _f2d                                     0x0800d68d   Thumb Code    86  f2d.o(x$fpl$f2d)
    __fpl_fnaninf                            0x0800d6e3   Thumb Code   140  fnaninf.o(x$fpl$fnaninf)
    _printf_fp_dec                           0x0800d76f   Thumb Code     4  printf1.o(x$fpl$printf1)
    __fpl_return_NaN                         0x0800d773   Thumb Code   100  retnan.o(x$fpl$retnan)
    __ARM_scalbn                             0x0800d7d7   Thumb Code    92  scalbn.o(x$fpl$scalbn)
    __fpl_cmpreturn                          0x0800d833   Thumb Code    48  trapv.o(x$fpl$trapveneer)
    __I$use$fp                               0x0800d862   Number         0  usenofp.o(x$fpl$usenofp)
    F6x8                                     0x0800d929   Data         552  oled.o(.constdata)
    F8X16                                    0x0800db51   Data        1520  oled.o(.constdata)
    __mathlib_zero                           0x0800e210   Data           8  qnan.o(.constdata)
    Region$$Table$$Base                      0x0800e3d0   Number         0  anon$$obj.o(Region$$Table)
    Region$$Table$$Limit                     0x0800e3f0   Number         0  anon$$obj.o(Region$$Table)
    __ctype                                  0x0800e3fd   Data           0  lc_ctype_c.o(locale$$data)
    SystemCoreClock                          0x20000000   Data           4  system_stm32f10x.o(.data)
    AHBPrescTable                            0x20000004   Data          16  system_stm32f10x.o(.data)
    led_info                                 0x20000028   Data           1  led.o(.data)
    esp8266_cnt                              0x2000003e   Data           2  esp8266.o(.data)
    esp8266_cntPre                           0x20000040   Data           2  esp8266.o(.data)
    Hzk                                      0x20000050   Data         640  oled.o(.data)
    pxCurrentTCB                             0x200002d0   Data           4  tasks.o(.data)
    devid                                    0x20000338   Data          16  onenet.o(.bss)
    key                                      0x20000348   Data          48  onenet.o(.bss)
    esp8266_buf                              0x20000378   Data         512  esp8266.o(.bss)
    __libspace_start                         0x20003894   Data          96  libspace.o(.bss)
    __temporary_stack_top$libspace           0x200038f4   Data           0  libspace.o(.bss)



==============================================================================

Memory Map of the image

  Image Entry point : 0x080000ed

  Load Region LR_IROM1 (Base: 0x08000000, Size: 0x0000e854, Max: 0x00010000, ABSOLUTE, COMPRESSED[0x0000e628])

    Execution Region ER_IROM1 (Exec base: 0x08000000, Load base: 0x08000000, Size: 0x0000e51c, Max: 0x00010000, ABSOLUTE)

    Exec Addr    Load Addr    Size         Type   Attr      Idx    E Section Name        Object

    0x08000000   0x08000000   0x000000ec   Data   RO          169    RESET               startup_stm32f10x_md.o
    0x080000ec   0x080000ec   0x00000008   Code   RO          945  * !!!main             c_w.l(__main.o)
    0x080000f4   0x080000f4   0x00000034   Code   RO         1354    !!!scatter          c_w.l(__scatter.o)
    0x08000128   0x08000128   0x0000005a   Code   RO         1352    !!dczerorl2         c_w.l(__dczerorl2.o)
    0x08000182   0x08000182   0x00000002   PAD
    0x08000184   0x08000184   0x0000001c   Code   RO         1356    !!handler_zi        c_w.l(__scatter_zi.o)
    0x080001a0   0x080001a0   0x00000000   Code   RO          910    .ARM.Collect$$_printf_percent$$00000000  c_w.l(_printf_percent.o)
    0x080001a0   0x080001a0   0x00000006   Code   RO         1049    .ARM.Collect$$_printf_percent$$00000001  c_w.l(_printf_n.o)
    0x080001a6   0x080001a6   0x00000006   Code   RO         1050    .ARM.Collect$$_printf_percent$$00000002  c_w.l(_printf_p.o)
    0x080001ac   0x080001ac   0x00000006   Code   RO          908    .ARM.Collect$$_printf_percent$$00000003  c_w.l(_printf_f.o)
    0x080001b2   0x080001b2   0x00000006   Code   RO          909    .ARM.Collect$$_printf_percent$$00000004  c_w.l(_printf_e.o)
    0x080001b8   0x080001b8   0x00000006   Code   RO         1054    .ARM.Collect$$_printf_percent$$00000005  c_w.l(_printf_g.o)
    0x080001be   0x080001be   0x00000006   Code   RO         1055    .ARM.Collect$$_printf_percent$$00000006  c_w.l(_printf_a.o)
    0x080001c4   0x080001c4   0x0000000a   Code   RO         1060    .ARM.Collect$$_printf_percent$$00000007  c_w.l(_printf_ll.o)
    0x080001ce   0x080001ce   0x00000006   Code   RO         1052    .ARM.Collect$$_printf_percent$$00000008  c_w.l(_printf_i.o)
    0x080001d4   0x080001d4   0x00000006   Code   RO          907    .ARM.Collect$$_printf_percent$$00000009  c_w.l(_printf_d.o)
    0x080001da   0x080001da   0x00000006   Code   RO         1053    .ARM.Collect$$_printf_percent$$0000000A  c_w.l(_printf_u.o)
    0x080001e0   0x080001e0   0x00000006   Code   RO         1051    .ARM.Collect$$_printf_percent$$0000000B  c_w.l(_printf_o.o)
    0x080001e6   0x080001e6   0x00000006   Code   RO          906    .ARM.Collect$$_printf_percent$$0000000C  c_w.l(_printf_x.o)
    0x080001ec   0x080001ec   0x00000006   Code   RO         1057    .ARM.Collect$$_printf_percent$$0000000D  c_w.l(_printf_lli.o)
    0x080001f2   0x080001f2   0x00000006   Code   RO         1058    .ARM.Collect$$_printf_percent$$0000000E  c_w.l(_printf_lld.o)
    0x080001f8   0x080001f8   0x00000006   Code   RO         1059    .ARM.Collect$$_printf_percent$$0000000F  c_w.l(_printf_llu.o)
    0x080001fe   0x080001fe   0x00000006   Code   RO         1064    .ARM.Collect$$_printf_percent$$00000010  c_w.l(_printf_llo.o)
    0x08000204   0x08000204   0x00000006   Code   RO         1065    .ARM.Collect$$_printf_percent$$00000011  c_w.l(_printf_llx.o)
    0x0800020a   0x0800020a   0x0000000a   Code   RO         1061    .ARM.Collect$$_printf_percent$$00000012  c_w.l(_printf_l.o)
    0x08000214   0x08000214   0x00000006   Code   RO         1048    .ARM.Collect$$_printf_percent$$00000013  c_w.l(_printf_c.o)
    0x0800021a   0x0800021a   0x00000006   Code   RO          905    .ARM.Collect$$_printf_percent$$00000014  c_w.l(_printf_s.o)
    0x08000220   0x08000220   0x00000006   Code   RO         1062    .ARM.Collect$$_printf_percent$$00000015  c_w.l(_printf_lc.o)
    0x08000226   0x08000226   0x00000006   Code   RO         1063    .ARM.Collect$$_printf_percent$$00000016  c_w.l(_printf_ls.o)
    0x0800022c   0x0800022c   0x00000004   Code   RO         1056    .ARM.Collect$$_printf_percent$$00000017  c_w.l(_printf_percent_end.o)
    0x08000230   0x08000230   0x00000002   Code   RO         1287    .ARM.Collect$$libinit$$00000000  c_w.l(libinit.o)
    0x08000232   0x08000232   0x00000000   Code   RO         1075    .ARM.Collect$$libinit$$00000002  c_w.l(libinit2.o)
    0x08000232   0x08000232   0x00000000   Code   RO         1077    .ARM.Collect$$libinit$$00000004  c_w.l(libinit2.o)
    0x08000232   0x08000232   0x00000008   Code   RO         1078    .ARM.Collect$$libinit$$00000005  c_w.l(libinit2.o)
    0x0800023a   0x0800023a   0x00000000   Code   RO         1080    .ARM.Collect$$libinit$$0000000A  c_w.l(libinit2.o)
    0x0800023a   0x0800023a   0x00000000   Code   RO         1082    .ARM.Collect$$libinit$$0000000C  c_w.l(libinit2.o)
    0x0800023a   0x0800023a   0x00000000   Code   RO         1084    .ARM.Collect$$libinit$$0000000E  c_w.l(libinit2.o)
    0x0800023a   0x0800023a   0x00000006   Code   RO         1085    .ARM.Collect$$libinit$$0000000F  c_w.l(libinit2.o)
    0x08000240   0x08000240   0x00000000   Code   RO         1087    .ARM.Collect$$libinit$$00000011  c_w.l(libinit2.o)
    0x08000240   0x08000240   0x0000000c   Code   RO         1088    .ARM.Collect$$libinit$$00000012  c_w.l(libinit2.o)
    0x0800024c   0x0800024c   0x00000000   Code   RO         1089    .ARM.Collect$$libinit$$00000013  c_w.l(libinit2.o)
    0x0800024c   0x0800024c   0x00000000   Code   RO         1091    .ARM.Collect$$libinit$$00000015  c_w.l(libinit2.o)
    0x0800024c   0x0800024c   0x0000000a   Code   RO         1092    .ARM.Collect$$libinit$$00000016  c_w.l(libinit2.o)
    0x08000256   0x08000256   0x00000000   Code   RO         1093    .ARM.Collect$$libinit$$00000017  c_w.l(libinit2.o)
    0x08000256   0x08000256   0x00000000   Code   RO         1095    .ARM.Collect$$libinit$$00000019  c_w.l(libinit2.o)
    0x08000256   0x08000256   0x00000000   Code   RO         1097    .ARM.Collect$$libinit$$0000001B  c_w.l(libinit2.o)
    0x08000256   0x08000256   0x00000000   Code   RO         1099    .ARM.Collect$$libinit$$0000001D  c_w.l(libinit2.o)
    0x08000256   0x08000256   0x00000000   Code   RO         1101    .ARM.Collect$$libinit$$0000001F  c_w.l(libinit2.o)
    0x08000256   0x08000256   0x00000000   Code   RO         1103    .ARM.Collect$$libinit$$00000021  c_w.l(libinit2.o)
    0x08000256   0x08000256   0x00000000   Code   RO         1105    .ARM.Collect$$libinit$$00000023  c_w.l(libinit2.o)
    0x08000256   0x08000256   0x00000000   Code   RO         1107    .ARM.Collect$$libinit$$00000025  c_w.l(libinit2.o)
    0x08000256   0x08000256   0x00000000   Code   RO         1111    .ARM.Collect$$libinit$$0000002C  c_w.l(libinit2.o)
    0x08000256   0x08000256   0x00000000   Code   RO         1113    .ARM.Collect$$libinit$$0000002E  c_w.l(libinit2.o)
    0x08000256   0x08000256   0x00000000   Code   RO         1115    .ARM.Collect$$libinit$$00000030  c_w.l(libinit2.o)
    0x08000256   0x08000256   0x00000000   Code   RO         1117    .ARM.Collect$$libinit$$00000032  c_w.l(libinit2.o)
    0x08000256   0x08000256   0x00000002   Code   RO         1118    .ARM.Collect$$libinit$$00000033  c_w.l(libinit2.o)
    0x08000258   0x08000258   0x00000002   Code   RO         1349    .ARM.Collect$$libshutdown$$00000000  c_w.l(libshutdown.o)
    0x0800025a   0x0800025a   0x00000000   Code   RO         1303    .ARM.Collect$$libshutdown$$00000002  c_w.l(libshutdown2.o)
    0x0800025a   0x0800025a   0x00000000   Code   RO         1305    .ARM.Collect$$libshutdown$$00000004  c_w.l(libshutdown2.o)
    0x0800025a   0x0800025a   0x00000000   Code   RO         1308    .ARM.Collect$$libshutdown$$00000007  c_w.l(libshutdown2.o)
    0x0800025a   0x0800025a   0x00000000   Code   RO         1311    .ARM.Collect$$libshutdown$$0000000A  c_w.l(libshutdown2.o)
    0x0800025a   0x0800025a   0x00000000   Code   RO         1313    .ARM.Collect$$libshutdown$$0000000C  c_w.l(libshutdown2.o)
    0x0800025a   0x0800025a   0x00000000   Code   RO         1316    .ARM.Collect$$libshutdown$$0000000F  c_w.l(libshutdown2.o)
    0x0800025a   0x0800025a   0x00000002   Code   RO         1317    .ARM.Collect$$libshutdown$$00000010  c_w.l(libshutdown2.o)
    0x0800025c   0x0800025c   0x00000000   Code   RO          991    .ARM.Collect$$rtentry$$00000000  c_w.l(__rtentry.o)
    0x0800025c   0x0800025c   0x00000000   Code   RO         1167    .ARM.Collect$$rtentry$$00000002  c_w.l(__rtentry2.o)
    0x0800025c   0x0800025c   0x00000006   Code   RO         1179    .ARM.Collect$$rtentry$$00000004  c_w.l(__rtentry4.o)
    0x08000262   0x08000262   0x00000000   Code   RO         1169    .ARM.Collect$$rtentry$$00000009  c_w.l(__rtentry2.o)
    0x08000262   0x08000262   0x00000004   Code   RO         1170    .ARM.Collect$$rtentry$$0000000A  c_w.l(__rtentry2.o)
    0x08000266   0x08000266   0x00000000   Code   RO         1172    .ARM.Collect$$rtentry$$0000000C  c_w.l(__rtentry2.o)
    0x08000266   0x08000266   0x00000008   Code   RO         1173    .ARM.Collect$$rtentry$$0000000D  c_w.l(__rtentry2.o)
    0x0800026e   0x0800026e   0x00000002   Code   RO         1292    .ARM.Collect$$rtexit$$00000000  c_w.l(rtexit.o)
    0x08000270   0x08000270   0x00000000   Code   RO         1323    .ARM.Collect$$rtexit$$00000002  c_w.l(rtexit2.o)
    0x08000270   0x08000270   0x00000004   Code   RO         1324    .ARM.Collect$$rtexit$$00000003  c_w.l(rtexit2.o)
    0x08000274   0x08000274   0x00000006   Code   RO         1325    .ARM.Collect$$rtexit$$00000004  c_w.l(rtexit2.o)
    0x0800027a   0x0800027a   0x00000002   PAD
    0x0800027c   0x0800027c   0x00000096   Code   RO          750    .emb_text           port.o
    0x08000312   0x08000312   0x00000002   PAD
    0x08000314   0x08000314   0x00000000   Code   RO         1193    .emb_text           c_w.l(maybetermalloc1.o)
    0x08000314   0x08000314   0x00000130   Code   RO           17    .text               stm32f10x_it.o
    0x08000444   0x08000444   0x000001e0   Code   RO          149    .text               system_stm32f10x.o
    0x08000624   0x08000624   0x00000040   Code   RO          170    .text               startup_stm32f10x_md.o
    0x08000664   0x08000664   0x000000dc   Code   RO          174    .text               misc.o
    0x08000740   0x08000740   0x0000035c   Code   RO          212    .text               stm32f10x_gpio.o
    0x08000a9c   0x08000a9c   0x000003a4   Code   RO          224    .text               stm32f10x_rcc.o
    0x08000e40   0x08000e40   0x00000408   Code   RO          238    .text               stm32f10x_usart.o
    0x08001248   0x08001248   0x000001e8   Code   RO          280    .text               usart.o
    0x08001430   0x08001430   0x0000004c   Code   RO          302    .text               led.o
    0x0800147c   0x0800147c   0x000000fc   Code   RO          320    .text               key.o
    0x08001578   0x08001578   0x000001bc   Code   RO          346    .text               dht11.o
    0x08001734   0x08001734   0x000005ec   Code   RO          361    .text               main.o
    0x08001d20   0x08001d20   0x00000ac8   Code   RO          412    .text               onenet.o
    0x080027e8   0x080027e8   0x00000486   Code   RO          467    .text               hmac_sha1.o
    0x08002c6e   0x08002c6e   0x00000002   PAD
    0x08002c70   0x08002c70   0x000002b0   Code   RO          482    .text               base64.o
    0x08002f20   0x08002f20   0x00000e08   Code   RO          500    .text               mqttkit.o
    0x08003d28   0x08003d28   0x000002cc   Code   RO          528    .text               esp8266.o
    0x08003ff4   0x08003ff4   0x00001a80   Code   RO          544    .text               cjson.o
    0x08005a74   0x08005a74   0x000005e0   Code   RO          586    .text               oled.o
    0x08006054   0x08006054   0x00000094   Code   RO          653    .text               list.o
    0x080060e8   0x080060e8   0x0000102c   Code   RO          665    .text               queue.o
    0x08007114   0x08007114   0x000023e0   Code   RO          707    .text               tasks.o
    0x080094f4   0x080094f4   0x00000498   Code   RO          735    .text               heap_4.o
    0x0800998c   0x0800998c   0x000002bc   Code   RO          751    .text               port.o
    0x08009c48   0x08009c48   0x0000005e   Code   RO          786    .text               c_w.l(h1_alloc.o)
    0x08009ca6   0x08009ca6   0x0000004e   Code   RO          788    .text               c_w.l(h1_free.o)
    0x08009cf4   0x08009cf4   0x0000001a   Code   RO          844    .text               c_w.l(tolower.o)
    0x08009d0e   0x08009d0e   0x00000002   PAD
    0x08009d10   0x08009d10   0x00000034   Code   RO          846    .text               c_w.l(c89vsnprintf.o)
    0x08009d44   0x08009d44   0x0000002c   Code   RO          848    .text               c_w.l(__2sprintf.o)
    0x08009d70   0x08009d70   0x00000038   Code   RO          850    .text               c_w.l(__2snprintf.o)
    0x08009da8   0x08009da8   0x0000004e   Code   RO          858    .text               c_w.l(_printf_pad.o)
    0x08009df6   0x08009df6   0x00000052   Code   RO          860    .text               c_w.l(_printf_str.o)
    0x08009e48   0x08009e48   0x00000078   Code   RO          862    .text               c_w.l(_printf_dec.o)
    0x08009ec0   0x08009ec0   0x00000094   Code   RO          882    .text               c_w.l(_printf_hex_int_ll_ptr.o)
    0x08009f54   0x08009f54   0x00000188   Code   RO          902    .text               c_w.l(__printf_flags_ss_wp.o)
    0x0800a0dc   0x0800a0dc   0x0000003c   Code   RO          911    .text               c_w.l(__0sscanf.o)
    0x0800a118   0x0800a118   0x0000014c   Code   RO          913    .text               c_w.l(_scanf_int.o)
    0x0800a264   0x0800a264   0x000000e0   Code   RO          915    .text               c_w.l(_scanf_str.o)
    0x0800a344   0x0800a344   0x00000014   Code   RO          917    .text               c_w.l(strchr.o)
    0x0800a358   0x0800a358   0x00000024   Code   RO          919    .text               c_w.l(strncat.o)
    0x0800a37c   0x0800a37c   0x00000024   Code   RO          921    .text               c_w.l(strstr.o)
    0x0800a3a0   0x0800a3a0   0x00000048   Code   RO          923    .text               c_w.l(strcpy.o)
    0x0800a3e8   0x0800a3e8   0x0000003e   Code   RO          925    .text               c_w.l(strlen.o)
    0x0800a426   0x0800a426   0x00000096   Code   RO          927    .text               c_w.l(strncmp.o)
    0x0800a4bc   0x0800a4bc   0x00000018   Code   RO          929    .text               c_w.l(strcat.o)
    0x0800a4d4   0x0800a4d4   0x0000008a   Code   RO          931    .text               c_w.l(rt_memcpy_v6.o)
    0x0800a55e   0x0800a55e   0x00000064   Code   RO          933    .text               c_w.l(rt_memcpy_w.o)
    0x0800a5c2   0x0800a5c2   0x00000010   Code   RO          937    .text               c_w.l(aeabi_memset.o)
    0x0800a5d2   0x0800a5d2   0x00000044   Code   RO          939    .text               c_w.l(rt_memclr.o)
    0x0800a616   0x0800a616   0x0000004e   Code   RO          941    .text               c_w.l(rt_memclr_w.o)
    0x0800a664   0x0800a664   0x00000006   Code   RO          943    .text               c_w.l(heapauxi.o)
    0x0800a66a   0x0800a66a   0x00000002   PAD
    0x0800a66c   0x0800a66c   0x00000010   Code   RO          992    .text               c_w.l(rt_ctype_table.o)
    0x0800a67c   0x0800a67c   0x00000008   Code   RO          997    .text               c_w.l(rt_heap_descriptor_intlibspace.o)
    0x0800a684   0x0800a684   0x00000004   Code   RO          999    .text               c_w.l(hguard.o)
    0x0800a688   0x0800a688   0x0000008a   Code   RO         1001    .text               c_w.l(init_alloc.o)
    0x0800a712   0x0800a712   0x0000000e   Code   RO         1005    .text               c_w.l(h1_init.o)
    0x0800a720   0x0800a720   0x00000016   Code   RO         1019    .text               c_w.l(_rserrno.o)
    0x0800a736   0x0800a736   0x00000024   Code   RO         1021    .text               c_w.l(_printf_truncate.o)
    0x0800a75a   0x0800a75a   0x000000b2   Code   RO         1023    .text               c_w.l(_printf_intcommon.o)
    0x0800a80c   0x0800a80c   0x00000028   Code   RO         1025    .text               c_w.l(_printf_charcount.o)
    0x0800a834   0x0800a834   0x0000041e   Code   RO         1027    .text               c_w.l(_printf_fp_dec.o)
    0x0800ac52   0x0800ac52   0x00000002   PAD
    0x0800ac54   0x0800ac54   0x00000030   Code   RO         1029    .text               c_w.l(_printf_char_common.o)
    0x0800ac84   0x0800ac84   0x0000000a   Code   RO         1031    .text               c_w.l(_sputc.o)
    0x0800ac8e   0x0800ac8e   0x00000010   Code   RO         1033    .text               c_w.l(_snputc.o)
    0x0800ac9e   0x0800ac9e   0x0000002c   Code   RO         1035    .text               c_w.l(_printf_char.o)
    0x0800acca   0x0800acca   0x00000002   PAD
    0x0800accc   0x0800accc   0x000000bc   Code   RO         1037    .text               c_w.l(_printf_wctomb.o)
    0x0800ad88   0x0800ad88   0x0000007c   Code   RO         1040    .text               c_w.l(_printf_longlong_dec.o)
    0x0800ae04   0x0800ae04   0x00000070   Code   RO         1046    .text               c_w.l(_printf_oct_int_ll.o)
    0x0800ae74   0x0800ae74   0x0000001c   Code   RO         1066    .text               c_w.l(_chval.o)
    0x0800ae90   0x0800ae90   0x0000002c   Code   RO         1068    .text               c_w.l(scanf_char.o)
    0x0800aebc   0x0800aebc   0x00000040   Code   RO         1070    .text               c_w.l(_sgetc.o)
    0x0800aefc   0x0800aefc   0x00000008   Code   RO         1163    .text               c_w.l(libspace.o)
    0x0800af04   0x0800af04   0x00000008   Code   RO         1184    .text               c_w.l(rt_locale_intlibspace.o)
    0x0800af0c   0x0800af0c   0x00000008   Code   RO         1189    .text               c_w.l(rt_errno_addr_intlibspace.o)
    0x0800af14   0x0800af14   0x00000034   Code   RO         1195    .text               c_w.l(h1_extend.o)
    0x0800af48   0x0800af48   0x0000008a   Code   RO         1199    .text               c_w.l(lludiv10.o)
    0x0800afd2   0x0800afd2   0x00000012   Code   RO         1201    .text               c_w.l(isspace.o)
    0x0800afe4   0x0800afe4   0x00000080   Code   RO         1203    .text               c_w.l(_printf_fp_infnan.o)
    0x0800b064   0x0800b064   0x0000002c   Code   RO         1207    .text               c_w.l(_printf_wchar.o)
    0x0800b090   0x0800b090   0x00000374   Code   RO         1209    .text               c_w.l(_scanf.o)
    0x0800b404   0x0800b404   0x000000e4   Code   RO         1211    .text               c_w.l(bigflt0.o)
    0x0800b4e8   0x0800b4e8   0x00000040   Code   RO         1236    .text               c_w.l(_wcrtomb.o)
    0x0800b528   0x0800b528   0x0000000e   Code   RO         1244    .text               c_w.l(defsig_rtmem_outer.o)
    0x0800b536   0x0800b536   0x00000002   Code   RO         1261    .text               c_w.l(use_no_semi.o)
    0x0800b538   0x0800b538   0x00000000   Code   RO         1263    .text               c_w.l(indicate_semi.o)
    0x0800b538   0x0800b538   0x0000004a   Code   RO         1264    .text               c_w.l(sys_stackheap_outer.o)
    0x0800b582   0x0800b582   0x00000012   Code   RO         1270    .text               c_w.l(exit.o)
    0x0800b594   0x0800b594   0x0000000a   Code   RO         1272    .text               c_w.l(defsig_exit.o)
    0x0800b59e   0x0800b59e   0x00000002   PAD
    0x0800b5a0   0x0800b5a0   0x00000050   Code   RO         1274    .text               c_w.l(defsig_rtmem_inner.o)
    0x0800b5f0   0x0800b5f0   0x00000080   Code   RO         1276    .text               c_w.l(strcmpv7m.o)
    0x0800b670   0x0800b670   0x0000000c   Code   RO         1290    .text               c_w.l(sys_exit.o)
    0x0800b67c   0x0800b67c   0x00000032   Code   RO         1300    .text               c_w.l(defsig_general.o)
    0x0800b6ae   0x0800b6ae   0x0000000e   Code   RO         1320    .text               c_w.l(sys_wrch.o)
    0x0800b6bc   0x0800b6bc   0x0000003e   Code   RO         1214    CL$$btod_d2e        c_w.l(btod.o)
    0x0800b6fa   0x0800b6fa   0x00000046   Code   RO         1216    CL$$btod_d2e_denorm_low  c_w.l(btod.o)
    0x0800b740   0x0800b740   0x00000060   Code   RO         1215    CL$$btod_d2e_norm_op1  c_w.l(btod.o)
    0x0800b7a0   0x0800b7a0   0x00000338   Code   RO         1224    CL$$btod_div_common  c_w.l(btod.o)
    0x0800bad8   0x0800bad8   0x000000dc   Code   RO         1221    CL$$btod_e2e        c_w.l(btod.o)
    0x0800bbb4   0x0800bbb4   0x0000002a   Code   RO         1218    CL$$btod_ediv       c_w.l(btod.o)
    0x0800bbde   0x0800bbde   0x0000002a   Code   RO         1217    CL$$btod_emul       c_w.l(btod.o)
    0x0800bc08   0x0800bc08   0x00000244   Code   RO         1223    CL$$btod_mult_common  c_w.l(btod.o)
    0x0800be4c   0x0800be4c   0x00000028   Code   RO         1148    i.__ARM_fpclassify  m_ws.l(fpclassify.o)
    0x0800be74   0x0800be74   0x000000aa   Code   RO         1150    i.__kernel_poly     m_ws.l(poly.o)
    0x0800bf1e   0x0800bf1e   0x00000002   PAD
    0x0800bf20   0x0800bf20   0x00000010   Code   RO         1134    i.__mathlib_dbl_divzero  m_ws.l(dunder.o)
    0x0800bf30   0x0800bf30   0x00000004   Code   RO         1136    i.__mathlib_dbl_infnan2  m_ws.l(dunder.o)
    0x0800bf34   0x0800bf34   0x0000000c   Code   RO         1137    i.__mathlib_dbl_invalid  m_ws.l(dunder.o)
    0x0800bf40   0x0800bf40   0x0000000e   Code   RO         1138    i.__mathlib_dbl_overflow  m_ws.l(dunder.o)
    0x0800bf4e   0x0800bf4e   0x00000002   PAD
    0x0800bf50   0x0800bf50   0x00000010   Code   RO         1140    i.__mathlib_dbl_underflow  m_ws.l(dunder.o)
    0x0800bf60   0x0800bf60   0x0000000e   Code   RO          895    i._is_digit         c_w.l(__printf_wp.o)
    0x0800bf6e   0x0800bf6e   0x00000002   PAD
    0x0800bf70   0x0800bf70   0x000000dc   Code   RO          976    i.floor             m_ws.l(floor.o)
    0x0800c04c   0x0800c04c   0x000009d8   Code   RO          980    i.pow               m_ws.l(pow.o)
    0x0800ca24   0x0800ca24   0x0000004c   Code   RO         1154    i.sqrt              m_ws.l(sqrt.o)
    0x0800ca70   0x0800ca70   0x0000002c   Code   RO         1239    locale$$code        c_w.l(lc_ctype_c.o)
    0x0800ca9c   0x0800ca9c   0x0000002c   Code   RO         1242    locale$$code        c_w.l(lc_numeric_c.o)
    0x0800cac8   0x0800cac8   0x00000150   Code   RO          947    x$fpl$dadd          fz_ws.l(daddsub_clz.o)
    0x0800cc18   0x0800cc18   0x00000010   Code   RO         1253    x$fpl$dcheck1       fz_ws.l(dcheck1.o)
    0x0800cc28   0x0800cc28   0x00000018   Code   RO         1119    x$fpl$dcmpinf       fz_ws.l(dcmpi.o)
    0x0800cc40   0x0800cc40   0x000002b0   Code   RO         1122    x$fpl$ddiv          fz_ws.l(ddiv.o)
    0x0800cef0   0x0800cef0   0x00000078   Code   RO          953    x$fpl$deqf          fz_ws.l(deqf.o)
    0x0800cf68   0x0800cf68   0x0000005e   Code   RO          955    x$fpl$dfix          fz_ws.l(dfix.o)
    0x0800cfc6   0x0800cfc6   0x0000002e   Code   RO          960    x$fpl$dflt          fz_ws.l(dflt_clz.o)
    0x0800cff4   0x0800cff4   0x00000078   Code   RO          965    x$fpl$dleqf         fz_ws.l(dleqf.o)
    0x0800d06c   0x0800d06c   0x00000154   Code   RO          967    x$fpl$dmul          fz_ws.l(dmul.o)
    0x0800d1c0   0x0800d1c0   0x0000009c   Code   RO         1125    x$fpl$dnaninf       fz_ws.l(dnaninf.o)
    0x0800d25c   0x0800d25c   0x0000000c   Code   RO         1127    x$fpl$dretinf       fz_ws.l(dretinf.o)
    0x0800d268   0x0800d268   0x0000006c   Code   RO          969    x$fpl$drleqf        fz_ws.l(drleqf.o)
    0x0800d2d4   0x0800d2d4   0x00000016   Code   RO          948    x$fpl$drsb          fz_ws.l(daddsub_clz.o)
    0x0800d2ea   0x0800d2ea   0x00000002   PAD
    0x0800d2ec   0x0800d2ec   0x000001cc   Code   RO         1255    x$fpl$dsqrt         fz_ws.l(dsqrt_noumaal.o)
    0x0800d4b8   0x0800d4b8   0x000001d4   Code   RO          949    x$fpl$dsub          fz_ws.l(daddsub_clz.o)
    0x0800d68c   0x0800d68c   0x00000056   Code   RO          971    x$fpl$f2d           fz_ws.l(f2d.o)
    0x0800d6e2   0x0800d6e2   0x0000008c   Code   RO         1129    x$fpl$fnaninf       fz_ws.l(fnaninf.o)
    0x0800d76e   0x0800d76e   0x00000004   Code   RO          973    x$fpl$printf1       fz_ws.l(printf1.o)
    0x0800d772   0x0800d772   0x00000064   Code   RO         1288    x$fpl$retnan        fz_ws.l(retnan.o)
    0x0800d7d6   0x0800d7d6   0x0000005c   Code   RO         1131    x$fpl$scalbn        fz_ws.l(scalbn.o)
    0x0800d832   0x0800d832   0x00000030   Code   RO         1318    x$fpl$trapveneer    fz_ws.l(trapv.o)
    0x0800d862   0x0800d862   0x00000000   Code   RO         1133    x$fpl$usenofp       fz_ws.l(usenofp.o)
    0x0800d862   0x0800d862   0x000000c0   Data   RO          483    .constdata          base64.o
    0x0800d922   0x0800d922   0x00000007   Data   RO          545    .constdata          cjson.o
    0x0800d929   0x0800d929   0x00000818   Data   RO          587    .constdata          oled.o
    0x0800e141   0x0800e141   0x00000028   Data   RO          883    .constdata          c_w.l(_printf_hex_int_ll_ptr.o)
    0x0800e169   0x0800e169   0x00000011   Data   RO          903    .constdata          c_w.l(__printf_flags_ss_wp.o)
    0x0800e17a   0x0800e17a   0x00000006   PAD
    0x0800e180   0x0800e180   0x00000088   Data   RO          981    .constdata          m_ws.l(pow.o)
    0x0800e208   0x0800e208   0x00000008   Data   RO         1038    .constdata          c_w.l(_printf_wctomb.o)
    0x0800e210   0x0800e210   0x00000008   Data   RO         1152    .constdata          m_ws.l(qnan.o)
    0x0800e218   0x0800e218   0x00000094   Data   RO         1212    .constdata          c_w.l(bigflt0.o)
    0x0800e2ac   0x0800e2ac   0x00000123   Data   RO          414    .conststring        onenet.o
    0x0800e3cf   0x0800e3cf   0x00000001   PAD
    0x0800e3d0   0x0800e3d0   0x00000020   Data   RO         1350    Region$$Table       anon$$obj.o
    0x0800e3f0   0x0800e3f0   0x00000110   Data   RO         1238    locale$$data        c_w.l(lc_ctype_c.o)
    0x0800e500   0x0800e500   0x0000001c   Data   RO         1241    locale$$data        c_w.l(lc_numeric_c.o)


    Execution Region RW_IRAM1 (Exec base: 0x20000000, Load base: 0x0800e51c, Size: 0x000042f8, Max: 0x00005000, ABSOLUTE, COMPRESSED[0x0000010c])

    Exec Addr    Load Addr    Size         Type   Attr      Idx    E Section Name        Object

    0x20000000   COMPRESSED   0x00000014   Data   RW          150    .data               system_stm32f10x.o
    0x20000014   COMPRESSED   0x00000014   Data   RW          225    .data               stm32f10x_rcc.o
    0x20000028   COMPRESSED   0x00000001   Data   RW          303    .data               led.o
    0x20000029   COMPRESSED   0x00000003   PAD
    0x2000002c   COMPRESSED   0x00000004   Data   RW          321    .data               key.o
    0x20000030   COMPRESSED   0x0000000c   Data   RW          362    .data               main.o
    0x2000003c   COMPRESSED   0x00000002   Data   RW          415    .data               onenet.o
    0x2000003e   COMPRESSED   0x00000004   Data   RW          530    .data               esp8266.o
    0x20000042   COMPRESSED   0x00000002   PAD
    0x20000044   COMPRESSED   0x0000000c   Data   RW          546    .data               cjson.o
    0x20000050   COMPRESSED   0x00000280   Data   RW          588    .data               oled.o
    0x200002d0   COMPRESSED   0x00000040   Data   RW          709    .data               tasks.o
    0x20000310   COMPRESSED   0x0000001c   Data   RW          737    .data               heap_4.o
    0x2000032c   COMPRESSED   0x0000000c   Data   RW          752    .data               port.o
    0x20000338        -       0x00000040   Zero   RW          413    .bss                onenet.o
    0x20000378        -       0x00000200   Zero   RW          529    .bss                esp8266.o
    0x20000578        -       0x0000031c   Zero   RW          708    .bss                tasks.o
    0x20000894        -       0x00003000   Zero   RW          736    .bss                heap_4.o
    0x20003894        -       0x00000060   Zero   RW         1164    .bss                c_w.l(libspace.o)
    0x200038f4   COMPRESSED   0x00000004   PAD
    0x200038f8        -       0x00000200   Zero   RW          168    HEAP                startup_stm32f10x_md.o
    0x20003af8        -       0x00000800   Zero   RW          167    STACK               startup_stm32f10x_md.o


==============================================================================

Image component sizes


      Code (inc. data)   RO Data    RW Data    ZI Data      Debug   Object Name

       688          8        192          0          0       2646   base64.o
      6784        208          7         12          0      24612   cjson.o
         0          0          0          0          0       4532   core_cm3.o
       444          6          0          0          0       2298   dht11.o
       716        226          0          4        512       2971   esp8266.o
         0          0          0          0          0      43700   event_groups.o
      1176         56          0         28      12288       6185   heap_4.o
      1158         28          0          0          0       3212   hmac_sha1.o
       252         62          0          4          0       6304   key.o
        76          8          0          1          0       1198   led.o
       148          0          0          0          0       1906   list.o
      1516        434          0         12          0      14985   main.o
       220         22          0          0          0     205085   misc.o
      3592         74          0          0          0      15251   mqttkit.o
      1504         28       2072        640          0       6775   oled.o
      2760       1090        291          2         64       9424   onenet.o
       850         42          0         12          0       8075   port.o
      4140         16          0          0          0      22838   queue.o
        64         26        236          0       2560        804   startup_stm32f10x_md.o
       860         38          0          0          0       5673   stm32f10x_gpio.o
       304        248          0          0          0      33159   stm32f10x_it.o
       932         36          0         20          0       8840   stm32f10x_rcc.o
      1032         22          0          0          0       8400   stm32f10x_usart.o
       480         38          0         20          0       1767   system_stm32f10x.o
      9184        412          0         64        796      42362   tasks.o
       488         12          0          0          0       2905   usart.o

    ----------------------------------------------------------------------
     39372       3140       2831        824      16220     485907   Object Totals
         0          0         32          0          0          0   (incl. Generated)
         4          0          1          5          0          0   (incl. Padding)

    ----------------------------------------------------------------------

      Code (inc. data)   RO Data    RW Data    ZI Data      Debug   Library Member Name

        60          8          0          0          0         84   __0sscanf.o
        56          6          0          0          0         88   __2snprintf.o
        44          6          0          0          0         84   __2sprintf.o
        90          0          0          0          0          0   __dczerorl2.o
         8          0          0          0          0         68   __main.o
       392          4         17          0          0         92   __printf_flags_ss_wp.o
        14          0          0          0          0         68   __printf_wp.o
         0          0          0          0          0          0   __rtentry.o
        12          0          0          0          0          0   __rtentry2.o
         6          0          0          0          0          0   __rtentry4.o
        52          8          0          0          0          0   __scatter.o
        28          0          0          0          0          0   __scatter_zi.o
        28          0          0          0          0         68   _chval.o
         6          0          0          0          0          0   _printf_a.o
         6          0          0          0          0          0   _printf_c.o
        44          0          0          0          0        108   _printf_char.o
        48          6          0          0          0         96   _printf_char_common.o
        40          0          0          0          0         68   _printf_charcount.o
         6          0          0          0          0          0   _printf_d.o
       120         16          0          0          0         92   _printf_dec.o
         6          0          0          0          0          0   _printf_e.o
         6          0          0          0          0          0   _printf_f.o
      1054          0          0          0          0        216   _printf_fp_dec.o
       128         16          0          0          0         84   _printf_fp_infnan.o
         6          0          0          0          0          0   _printf_g.o
       148          4         40          0          0        160   _printf_hex_int_ll_ptr.o
         6          0          0          0          0          0   _printf_i.o
       178          0          0          0          0         88   _printf_intcommon.o
        10          0          0          0          0          0   _printf_l.o
         6          0          0          0          0          0   _printf_lc.o
        10          0          0          0          0          0   _printf_ll.o
         6          0          0          0          0          0   _printf_lld.o
         6          0          0          0          0          0   _printf_lli.o
         6          0          0          0          0          0   _printf_llo.o
         6          0          0          0          0          0   _printf_llu.o
         6          0          0          0          0          0   _printf_llx.o
       124         16          0          0          0         92   _printf_longlong_dec.o
         6          0          0          0          0          0   _printf_ls.o
         6          0          0          0          0          0   _printf_n.o
         6          0          0          0          0          0   _printf_o.o
       112         10          0          0          0        124   _printf_oct_int_ll.o
         6          0          0          0          0          0   _printf_p.o
        78          0          0          0          0        108   _printf_pad.o
         0          0          0          0          0          0   _printf_percent.o
         4          0          0          0          0          0   _printf_percent_end.o
         6          0          0          0          0          0   _printf_s.o
        82          0          0          0          0         80   _printf_str.o
        36          0          0          0          0         84   _printf_truncate.o
         6          0          0          0          0          0   _printf_u.o
        44          0          0          0          0        108   _printf_wchar.o
       188          6          8          0          0         92   _printf_wctomb.o
         6          0          0          0          0          0   _printf_x.o
        22          0          0          0          0        100   _rserrno.o
       884          6          0          0          0        100   _scanf.o
       332          0          0          0          0         96   _scanf_int.o
       224          0          0          0          0         96   _scanf_str.o
        64          0          0          0          0         84   _sgetc.o
        16          0          0          0          0         68   _snputc.o
        10          0          0          0          0         68   _sputc.o
        64          0          0          0          0         92   _wcrtomb.o
        16          0          0          0          0         68   aeabi_memset.o
       228          4        148          0          0         96   bigflt0.o
      1936        128          0          0          0        672   btod.o
        52          4          0          0          0         80   c89vsnprintf.o
        10          0          0          0          0         68   defsig_exit.o
        50          0          0          0          0         88   defsig_general.o
        80         58          0          0          0         76   defsig_rtmem_inner.o
        14          0          0          0          0         80   defsig_rtmem_outer.o
        18          0          0          0          0         80   exit.o
        94          0          0          0          0         80   h1_alloc.o
        52          0          0          0          0         68   h1_extend.o
        78          0          0          0          0         80   h1_free.o
        14          0          0          0          0         84   h1_init.o
         6          0          0          0          0        152   heapauxi.o
         4          0          0          0          0        136   hguard.o
         0          0          0          0          0          0   indicate_semi.o
       138          0          0          0          0        168   init_alloc.o
        18          0          0          0          0         76   isspace.o
        44         10        272          0          0         76   lc_ctype_c.o
        44         10         28          0          0         76   lc_numeric_c.o
         2          0          0          0          0          0   libinit.o
        38          0          0          0          0          0   libinit2.o
         2          0          0          0          0          0   libshutdown.o
         2          0          0          0          0          0   libshutdown2.o
         8          4          0          0         96         68   libspace.o
       138          0          0          0          0         80   lludiv10.o
         0          0          0          0          0          0   maybetermalloc1.o
        16          4          0          0          0         76   rt_ctype_table.o
         8          4          0          0          0         68   rt_errno_addr_intlibspace.o
         8          4          0          0          0         68   rt_heap_descriptor_intlibspace.o
         8          4          0          0          0         68   rt_locale_intlibspace.o
        68          0          0          0          0         68   rt_memclr.o
        78          0          0          0          0         80   rt_memclr_w.o
       138          0          0          0          0         68   rt_memcpy_v6.o
       100          0          0          0          0         80   rt_memcpy_w.o
         2          0          0          0          0          0   rtexit.o
        10          0          0          0          0          0   rtexit2.o
        44          8          0          0          0         84   scanf_char.o
        24          0          0          0          0         68   strcat.o
        20          0          0          0          0         68   strchr.o
       128          0          0          0          0         68   strcmpv7m.o
        72          0          0          0          0         80   strcpy.o
        62          0          0          0          0         76   strlen.o
        36          0          0          0          0         76   strncat.o
       150          0          0          0          0         80   strncmp.o
        36          0          0          0          0         80   strstr.o
        12          4          0          0          0         68   sys_exit.o
        74          0          0          0          0         80   sys_stackheap_outer.o
        14          0          0          0          0         76   sys_wrch.o
        26          0          0          0          0         76   tolower.o
         2          0          0          0          0         68   use_no_semi.o
       826         16          0          0          0        348   daddsub_clz.o
        16          4          0          0          0         68   dcheck1.o
        24          0          0          0          0         68   dcmpi.o
       688        140          0          0          0        208   ddiv.o
       120          4          0          0          0         92   deqf.o
        94          4          0          0          0         92   dfix.o
        46          0          0          0          0         68   dflt_clz.o
       120          4          0          0          0         92   dleqf.o
       340         12          0          0          0        104   dmul.o
       156          4          0          0          0         92   dnaninf.o
        12          0          0          0          0         68   dretinf.o
       108          0          0          0          0         80   drleqf.o
       460         56          0          0          0        120   dsqrt_noumaal.o
        86          4          0          0          0         84   f2d.o
       140          4          0          0          0         84   fnaninf.o
         4          0          0          0          0         68   printf1.o
       100          0          0          0          0         68   retnan.o
        92          0          0          0          0         68   scalbn.o
        48          0          0          0          0         68   trapv.o
         0          0          0          0          0          0   usenofp.o
        62         10          0          0          0        340   dunder.o
       220         16          0          0          0         84   floor.o
        40          0          0          0          0         68   fpclassify.o
       170          0          0          0          0         96   poly.o
      2520        190        136          0          0        324   pow.o
         0          0          8          0          0          0   qnan.o
        76          0          0          0          0         84   sqrt.o

    ----------------------------------------------------------------------
     15786        826        663          0        100       9868   Library Totals
        22          0          6          0          4          0   (incl. Padding)

    ----------------------------------------------------------------------

      Code (inc. data)   RO Data    RW Data    ZI Data      Debug   Library Name

      9196        358        513          0         96       6932   c_w.l
      3480        252          0          0          0       1940   fz_ws.l
      3088        216        144          0          0        996   m_ws.l

    ----------------------------------------------------------------------
     15786        826        663          0        100       9868   Library Totals

    ----------------------------------------------------------------------

==============================================================================


      Code (inc. data)   RO Data    RW Data    ZI Data      Debug   

     55158       3966       3494        824      16320     487711   Grand Totals
     55158       3966       3494        268      16320     487711   ELF Image Totals (compressed)
     55158       3966       3494        268          0          0   ROM Totals

==============================================================================

    Total RO  Size (Code + RO Data)                58652 (  57.28kB)
    Total RW  Size (RW Data + ZI Data)             17144 (  16.74kB)
    Total ROM Size (Code + RO Data + RW Data)      58920 (  57.54kB)

==============================================================================

